******************************************************************************
                  MSP430 Linker PC v21.6.1                     
******************************************************************************
>> Linked Fri Oct  4 14:52:17 2024

OUTPUT FILE NAME:   <ledBlink.out>
ENTRY POINT SYMBOL: "_c_int00_noargs"  address: 0000c2d4


MEMORY CONFIGURATION

         name            origin    length      used     unused   attr    fill
----------------------  --------  ---------  --------  --------  ----  --------
  SFR                   00000000   00000010  00000000  00000010  RWIX
  PERIPHERALS_8BIT      00000010   000000f0  00000000  000000f0  RWIX
  PERIPHERALS_16BIT     00000100   00000100  00000000  00000100  RWIX
  INFOD                 00001800   00000080  00000000  00000080  RWIX
  INFOC                 00001880   00000080  00000000  00000080  RWIX
  INFOB                 00001900   00000080  00000000  00000080  RWIX
  INFOA                 00001980   00000080  00000000  00000080  RWIX
  RAM                   00001c00   00004000  0000107e  00002f82  RWIX
  FLASH                 0000c000   00003f80  00000478  00003b08  RWIX
  INT00                 0000ff80   00000002  00000000  00000002  RWIX
  INT01                 0000ff82   00000002  00000000  00000002  RWIX
  INT02                 0000ff84   00000002  00000000  00000002  RWIX
  INT03                 0000ff86   00000002  00000000  00000002  RWIX
  INT04                 0000ff88   00000002  00000000  00000002  RWIX
  INT05                 0000ff8a   00000002  00000000  00000002  RWIX
  INT06                 0000ff8c   00000002  00000000  00000002  RWIX
  INT07                 0000ff8e   00000002  00000000  00000002  RWIX
  INT08                 0000ff90   00000002  00000000  00000002  RWIX
  INT09                 0000ff92   00000002  00000000  00000002  RWIX
  INT10                 0000ff94   00000002  00000000  00000002  RWIX
  INT11                 0000ff96   00000002  00000000  00000002  RWIX
  INT12                 0000ff98   00000002  00000000  00000002  RWIX
  INT13                 0000ff9a   00000002  00000000  00000002  RWIX
  INT14                 0000ff9c   00000002  00000000  00000002  RWIX
  INT15                 0000ff9e   00000002  00000000  00000002  RWIX
  INT16                 0000ffa0   00000002  00000000  00000002  RWIX
  INT17                 0000ffa2   00000002  00000000  00000002  RWIX
  INT18                 0000ffa4   00000002  00000000  00000002  RWIX
  INT19                 0000ffa6   00000002  00000000  00000002  RWIX
  INT20                 0000ffa8   00000002  00000000  00000002  RWIX
  INT21                 0000ffaa   00000002  00000000  00000002  RWIX
  INT22                 0000ffac   00000002  00000000  00000002  RWIX
  INT23                 0000ffae   00000002  00000000  00000002  RWIX
  INT24                 0000ffb0   00000002  00000000  00000002  RWIX
  INT25                 0000ffb2   00000002  00000000  00000002  RWIX
  INT26                 0000ffb4   00000002  00000000  00000002  RWIX
  INT27                 0000ffb6   00000002  00000000  00000002  RWIX
  INT28                 0000ffb8   00000002  00000000  00000002  RWIX
  INT29                 0000ffba   00000002  00000000  00000002  RWIX
  INT30                 0000ffbc   00000002  00000000  00000002  RWIX
  INT31                 0000ffbe   00000002  00000000  00000002  RWIX
  INT32                 0000ffc0   00000002  00000000  00000002  RWIX
  INT33                 0000ffc2   00000002  00000000  00000002  RWIX
  INT34                 0000ffc4   00000002  00000000  00000002  RWIX
  INT35                 0000ffc6   00000002  00000000  00000002  RWIX
  INT36                 0000ffc8   00000002  00000000  00000002  RWIX
  INT37                 0000ffca   00000002  00000002  00000000  RWIX
  INT38                 0000ffcc   00000002  00000002  00000000  RWIX
  INT39                 0000ffce   00000002  00000002  00000000  RWIX
  INT40                 0000ffd0   00000002  00000002  00000000  RWIX
  INT41                 0000ffd2   00000002  00000002  00000000  RWIX
  INT42                 0000ffd4   00000002  00000002  00000000  RWIX
  INT43                 0000ffd6   00000002  00000002  00000000  RWIX
  INT44                 0000ffd8   00000002  00000002  00000000  RWIX
  INT45                 0000ffda   00000002  00000002  00000000  RWIX
  INT46                 0000ffdc   00000002  00000002  00000000  RWIX
  INT47                 0000ffde   00000002  00000002  00000000  RWIX
  INT48                 0000ffe0   00000002  00000002  00000000  RWIX
  INT49                 0000ffe2   00000002  00000002  00000000  RWIX
  INT50                 0000ffe4   00000002  00000002  00000000  RWIX
  INT51                 0000ffe6   00000002  00000002  00000000  RWIX
  INT52                 0000ffe8   00000002  00000002  00000000  RWIX
  INT53                 0000ffea   00000002  00000002  00000000  RWIX
  INT54                 0000ffec   00000002  00000002  00000000  RWIX
  INT55                 0000ffee   00000002  00000002  00000000  RWIX
  INT56                 0000fff0   00000002  00000002  00000000  RWIX
  INT57                 0000fff2   00000002  00000002  00000000  RWIX
  INT58                 0000fff4   00000002  00000002  00000000  RWIX
  INT59                 0000fff6   00000002  00000002  00000000  RWIX
  INT60                 0000fff8   00000002  00000002  00000000  RWIX
  INT61                 0000fffa   00000002  00000002  00000000  RWIX
  INT62                 0000fffc   00000002  00000002  00000000  RWIX
  RESET                 0000fffe   00000002  00000002  00000000  RWIX
  FLASH2                00010000   0001bff8  00003a24  000185d4  RWIX


SECTION ALLOCATION MAP

 output                                  attributes/
section   page    origin      length       input sections
--------  ----  ----------  ----------   ----------------
.bss       0    00001c00    00000b99     UNINITIALIZED
                  00001c00    00000640     (.common:voltageBuffer)
                  00002240    0000011c     (.common:cpLevel)
                  0000235c    00000114     (.common:ppLevel)
                  00002470    00000088     (.common:UART_OBJ)
                  000024f8    00000064     (.common:commands)
                  0000255c    00000064     (.common:states)
                  000025c0    00000030     (.common:qemeter)
                  000025f0    0000002e     (.common:uart3)
                  0000261e    00000024     (.common:qIrms)
                  00002642    00000024     (.common:qVrms)
                  00002666    0000001e     (.common:Petit_Rx_Data)
                  00002684    0000001e     (.common:Petit_Tx_Data)
                  000026a2    0000001c     (.common:ChResults)
                  000026be    0000001a     (.common:PetitReceiveBuffer)
                  000026d8    0000001a     (.common:Petit_Tx_Buf)
                  000026f2    00000014     (.common:PetitRegisters)
                  00002706    00000012     (.common:comm)
                  00002718    00000012     (.common:limits)
                  0000272a    0000000a     main.obj (.bss:uf$1)
                  00002734    0000000a     (.common:FSM)
                  0000273e    0000000a     (.common:vngEvse)
                  00002748    00000008     (.common:acMeterControl)
                  00002750    00000008     (.common:acMeterData)
                  00002758    00000008     (.common:meter)
                  00002760    00000008     (.common:meterF)
                  00002768    00000008     (.common:rly)
                  00002770    00000006     (.common:rgbledObj)
                  00002776    00000006     (.common:rgbledObjOld)
                  0000277c    00000006     (.common:time)
                  00002782    00000006     (.common:zc)
                  00002788    00000004     (.common:acevse)
                  0000278c    00000003     (.common:led)
                  0000278f    00000001     (.common:colorIdx)
                  00002790    00000002     (.common:RXRegister)
                  00002792    00000002     (.common:TXRegister)
                  00002794    00000002     (.common:ZCSTAT)
                  00002796    00000002     (.common:pwmStatus)
                  00002798    00000001     (.common:hasReceived)

.data      0    0000279a    00000445     UNINITIALIZED
                  0000279a    0000021c     main.obj (.data:frameBuffer)
                  000029b6    000000b4     main.obj (.data:leds)
                  00002a6a    00000080     main.obj (.data:ADC_Result)
                  00002aea    0000005c     main.obj (.data)
                  00002b46    00000030     main.obj (.data:emeter)
                  00002b76    00000028     main.obj (.data:dataBuf)
                  00002b9e    00000014     main.obj (.data:ReceiveBuffer)
                  00002bb2    00000014     main.obj (.data:TransmitBuffer)
                  00002bc6    00000012     PetitModbus.obj (.data)
                  00002bd8    00000003     main.obj (.data:blankLed)
                  00002bdb    00000001     PetitModbusPort.obj (.data)
                  00002bdc    00000002     main.obj (.data:SlaveType1)
                  00002bde    00000001     softuart.obj (.data)

.stack     0    00005b60    000000a0     UNINITIALIZED
                  00005b60    00000004     rts430x_lc_rd_eabi.lib : boot.c.obj (.stack)
                  00005b64    0000009c     --HOLE--

.text:_isr 
*          0    0000c000    00000300     
                  0000c000    00000104     main.obj (.text:_isr:TIMER1_A0_ISR)
                  0000c104    0000008e     main.obj (.text:_isr:TIMER2_A0_ISR)
                  0000c192    0000005a     main.obj (.text:_isr:USCI_B0_ISR)
                  0000c1ec    00000044     main.obj (.text:_isr:USCI_A3_ISR)
                  0000c230    00000040     main.obj (.text:_isr:DMA0_ISR)
                  0000c270    00000034     main.obj (.text:_isr:SD24BISR)
                  0000c2a4    00000030     main.obj (.text:_isr:USCI_A0_ISR)
                  0000c2d4    0000001c     rts430x_lc_rd_eabi.lib : boot.c.obj (.text:_isr:_c_int00_noargs)
                  0000c2f0    00000008                            : isr_trap.asm.obj (.text:_isr:__TI_ISR_TRAP)
                  0000c2f8    00000006     main.obj (.text:_isr:Port_2)
                  0000c2fe    00000002     main.obj (.text:_isr:TIMER3_A0_ISR)

.cinit     0    0000c40a    0000006e     
                  0000c40a    0000004c     (.cinit..data.load) [load image, compression = lzss]
                  0000c456    0000000c     (__TI_handler_table)
                  0000c462    00000006     (.cinit..bss.load) [load image, compression = zero_init]
                  0000c468    00000010     (__TI_cinit_table)

.binit     0    0000c000    00000000     

.init_array 
*          0    0000c000    00000000     UNINITIALIZED

.const     0    0000c300    0000010a     
                  0000c300    000000c0     IQmathLib_CCS_MPY32_5xx_6xx_CPUX_large_code_restricted_data.lib : _IQNtables.o (.const:_IQ14sqrt_lookup)
                  0000c3c0    00000041                                                                     : _IQNtables.o (.const:.string:_IQ6div_lookup)
                  0000c401    00000001     --HOLE-- [fill = 0]
                  0000c402    00000004     main.obj (.const:.string:$P$T0$3)
                  0000c406    00000004     main.obj (.const:.string:$P$T1$4)

COMP_B     0    0000ffca    00000002     
                  0000ffca    00000002     rts430x_lc_rd_eabi.lib : int37.asm.obj (.int37)

RTC        0    0000ffcc    00000002     
                  0000ffcc    00000002     rts430x_lc_rd_eabi.lib : int38.asm.obj (.int38)

LCD_C      0    0000ffce    00000002     
                  0000ffce    00000002     rts430x_lc_rd_eabi.lib : int39.asm.obj (.int39)

TIMER3_A1 
*          0    0000ffd0    00000002     
                  0000ffd0    00000002     rts430x_lc_rd_eabi.lib : int40.asm.obj (.int40)

TIMER3_A0 
*          0    0000ffd2    00000002     
                  0000ffd2    00000002     main.obj (.int41)

PORT2      0    0000ffd4    00000002     
                  0000ffd4    00000002     main.obj (.int42)

TIMER2_A1 
*          0    0000ffd6    00000002     
                  0000ffd6    00000002     rts430x_lc_rd_eabi.lib : int43.asm.obj (.int43)

TIMER2_A0 
*          0    0000ffd8    00000002     
                  0000ffd8    00000002     main.obj (.int44)

PORT1      0    0000ffda    00000002     
                  0000ffda    00000002     rts430x_lc_rd_eabi.lib : int45.asm.obj (.int45)

USCI_B1    0    0000ffdc    00000002     
                  0000ffdc    00000002     rts430x_lc_rd_eabi.lib : int46.asm.obj (.int46)

USCI_A3    0    0000ffde    00000002     
                  0000ffde    00000002     main.obj (.int47)

TIMER1_A1 
*          0    0000ffe0    00000002     
                  0000ffe0    00000002     rts430x_lc_rd_eabi.lib : int48.asm.obj (.int48)

TIMER1_A0 
*          0    0000ffe2    00000002     
                  0000ffe2    00000002     main.obj (.int49)

DMA        0    0000ffe4    00000002     
                  0000ffe4    00000002     main.obj (.int50)

AUX        0    0000ffe6    00000002     
                  0000ffe6    00000002     rts430x_lc_rd_eabi.lib : int51.asm.obj (.int51)

USCI_A2    0    0000ffe8    00000002     
                  0000ffe8    00000002     rts430x_lc_rd_eabi.lib : int52.asm.obj (.int52)

USCI_A1    0    0000ffea    00000002     
                  0000ffea    00000002     rts430x_lc_rd_eabi.lib : int53.asm.obj (.int53)

TIMER0_A1 
*          0    0000ffec    00000002     
                  0000ffec    00000002     rts430x_lc_rd_eabi.lib : int54.asm.obj (.int54)

TIMER0_A0 
*          0    0000ffee    00000002     
                  0000ffee    00000002     rts430x_lc_rd_eabi.lib : int55.asm.obj (.int55)

SD24B      0    0000fff0    00000002     
                  0000fff0    00000002     main.obj (.int56)

ADC10      0    0000fff2    00000002     
                  0000fff2    00000002     rts430x_lc_rd_eabi.lib : int57.asm.obj (.int57)

USCI_B0    0    0000fff4    00000002     
                  0000fff4    00000002     main.obj (.int58)

USCI_A0    0    0000fff6    00000002     
                  0000fff6    00000002     main.obj (.int59)

WDT        0    0000fff8    00000002     
                  0000fff8    00000002     rts430x_lc_rd_eabi.lib : int60.asm.obj (.int60)

UNMI       0    0000fffa    00000002     
                  0000fffa    00000002     rts430x_lc_rd_eabi.lib : int61.asm.obj (.int61)

SYSNMI     0    0000fffc    00000002     
                  0000fffc    00000002     rts430x_lc_rd_eabi.lib : int62.asm.obj (.int62)

.reset     0    0000fffe    00000002     
                  0000fffe    00000002     rts430x_lc_rd_eabi.lib : boot.c.obj (.reset)

.text      0    00010000    00003a24     
                  00010000    0000038e     main.obj (.text:main)
                  0001038e    000002d8     main.obj (.text:mLib_getSigmaDeltaDVoltages)
                  00010666    000001d4     IQmathLib_CCS_MPY32_5xx_6xx_CPUX_large_code_restricted_data.lib : _IQNdiv.o (.text:_IQ16div)
                  0001083a    000001b2     main.obj (.text:mLib_getAdcVoltages)
                  000109ec    0000019e     ws2812.obj (.text:encodeData3bit)
                  00010b8a    0000018e     main.obj (.text:cpVoltageLevel)
                  00010d18    00000152     main.obj (.text:measurements_calculatePower)
                  00010e6a    00000140     main.obj (.text:runCharger)
                  00010faa    0000013c     IQmathLib_CCS_MPY32_5xx_6xx_CPUX_large_code_restricted_data.lib : _IQNsqrt.o (.text:_IQ16sqrt)
                  000110e6    00000122     main.obj (.text:cp_VoltageLevel)
                  00011208    00000104     ws2812.obj (.text:encodeData4bit)
                  0001130c    00000104     main.obj (.text:mlib_getSigmaDeltaValues)
                  00011410    000000ea     main.obj (.text:handleREAD_DATA)
                  000114fa    000000d8     rts430x_lc_rd_eabi.lib : cmpd.c.obj (.text:__mspabi_cmpd)
                  000115d2    000000d6     main.obj (.text:rgbLed_drive)
                  000116a8    000000d4     PetitModbus.obj (.text:HandleMPetitodbusWriteMultipleRegisters)
                  0001177c    000000ca     PetitModbus.obj (.text:Petit_RxRTU)
                  00011846    000000bc     ws2812.obj (.text:fillFrameBufferSingleColor)
                  00011902    000000b8     rts430x_lc_rd_eabi.lib : fs_mpy.asm.obj (.text)
                  000119ba    000000b6     softuart.obj (.text:softuart_read2)
                  00011a70    000000b2     main.obj (.text:dsp_CalculateActiveRms)
                  00011b22    000000b0     PetitModbus.obj (.text:HandlePetitModbusReadHoldingRegisters)
                  00011bd2    000000aa     main.obj (.text:updateBuzzer)
                  00011c7c    000000a2     PetitModbus.obj (.text:Petit_TxRTU)
                  00011d1e    0000009c     main.obj (.text:pp_SetMaxCurrent)
                  00011dba    00000096     main.obj (.text:handleSET_DATA)
                  00011e50    00000094     PetitModbus.obj (.text:CheckPetitModbusBufferComplete)
                  00011ee4    00000090     main.obj (.text:I2C_LM75_TX_ISR)
                  00011f74    0000008e     PetitModbus.obj (.text:HandlePetitModbusWriteSingleRegister)
                  00012002    0000008c     main.obj (.text:iq_GET_SD24_MEASUREMENT)
                  0001208e    0000008a     main.obj (.text:shiftLed)
                  00012118    0000007c     main.obj (.text:iq_GET_ADC_MEASUREMENT)
                  00012194    00000076     rts430x_lc_rd_eabi.lib : copy_decompress_lzss.c.obj (.text:decompress:lzss:__TI_decompress_lzss)
                  0001220a    00000072     IQmathLib_CCS_MPY32_5xx_6xx_CPUX_large_code_restricted_data.lib : _IQNtoF.o (.text:_IQ16toF)
                  0001227c    00000072     main.obj (.text:cpTransition)
                  000122ee    00000072     PetitModbus.obj (.text:modbus_getData)
                  00012360    00000070     main.obj (.text:SetVCoreUp)
                  000123d0    0000006e     main.obj (.text:dsp_MovingAvg)
                  0001243e    0000006a     main.obj (.text:decodeUartFrame)
                  000124a8    0000006a     main.obj (.text:pp_VoltageLevel)
                  00012512    00000068     PetitModbus.obj (.text:modbus_readHoldingRegister)
                  0001257a    00000068     rts430x_lc_rd_eabi.lib : fs_toi.asm.obj (.text)
                  000125e2    00000066     main.obj (.text:dsp_ZeroCrossDetector)
                  00012648    00000066     main.obj (.text:timeoutProcess)
                  000126ae    00000064     main.obj (.text:HAL_ADC_INIT2)
                  00012712    00000064     rts430x_lc_rd_eabi.lib : cvtfd.c.obj (.text:__mspabi_cvtfd)
                  00012776    00000062     PetitModbusPort.obj (.text:HAL_UART_initObj)
                  000127d8    0000005e     main.obj (.text:HAL_PORT_MAPPING)
                  00012836    0000005e     PetitModbus.obj (.text:modbus_Process)
                  00012894    0000005c     main.obj (.text:dsp_resetMvnAvgParams)
                  000128f0    00000058     main.obj (.text:updateMotorInput)
                  00012948    00000056     main.obj (.text:I2C_Master_ReadReg)
                  0001299e    00000054     rts430x_lc_rd_eabi.lib : autoinit.c.obj (.text:__TI_auto_init_nobinit_nopinit_hold_wdt:__TI_auto_init_nobinit_nopinit_hold_wdt)
                  000129f2    00000052     main.obj (.text:checkCableStatus)
                  00012a44    00000052     main.obj (.text:rgbLed_setRed)
                  00012a96    00000050     main.obj (.text:HAL_SD24_INIT)
                  00012ae6    00000050     main.obj (.text:responseData2UartFrame)
                  00012b36    0000004e     main.obj (.text:HAL_CLK_FREQ)
                  00012b84    0000004e     PetitModbus.obj (.text:Petit_CRC16)
                  00012bd2    0000004e     main.obj (.text:responseData2UartFrame2)
                  00012c20    0000004a     rts430x_lc_rd_eabi.lib : fs_cmp.asm.obj (.text)
                  00012c6a    00000048     main.obj (.text:I2C_LM75_RX_ISR)
                  00012cb2    00000046     main.obj (.text:measurements_calculateEnergy)
                  00012cf8    00000046     rts430x_lc_rd_eabi.lib : fs_tou.asm.obj (.text)
                  00012d3e    00000044     main.obj (.text:CopyArray)
                  00012d82    00000044     PetitModbusPort.obj (.text:HAL_UART_INIT)
                  00012dc6    00000042     main.obj (.text:handleCharging)
                  00012e08    00000042     main.obj (.text:updateTime)
                  00012e4a    00000040     main.obj (.text:sendBufferDma)
                  00012e8a    0000003e     main.obj (.text:cpTransition_B2)
                  00012ec8    0000003e     main.obj (.text:handleUartRxISR)
                  00012f06    0000003e     rts430x_lc_rd_eabi.lib : asr32.asm.obj (.text:l_asr_const)
                  00012f44    0000003e                            : lsr32.asm.obj (.text:l_lsr_const)
                  00012f82    0000003c     PetitModbusPort.obj (.text:PetitModBus_UART_String)
                  00012fbe    0000003c     main.obj (.text:cpTransition_B1)
                  00012ffa    0000003c     main.obj (.text:runFSM)
                  00013036    0000003a     rts430x_lc_rd_eabi.lib : lsr64.c.obj (.text:__mspabi_srlll)
                  00013070    0000003a     softuart.obj (.text:softuart_write)
                  000130aa    00000038     IQmathLib_CCS_MPY32_5xx_6xx_CPUX_large_code_restricted_data.lib : __IQNmpy.o (.text:_IQ16mpy)
                  000130e2    00000036     main.obj (.text:acMeterHandleTxISR)
                  00013118    00000036     main.obj (.text:processActuator)
                  0001314e    00000034     main.obj (.text:rgbLed_assign)
                  00013182    00000032     main.obj (.text:HAL_INIT_I2C)
                  000131b4    00000032     main.obj (.text:initAcEvseLimits)
                  000131e6    00000032     main.obj (.text:initEVSE_Status)
                  00013218    00000032     main.obj (.text:rgbLed_blankLed)
                  0001324a    00000032     main.obj (.text:rgbLed_setBlue)
                  0001327c    00000032     main.obj (.text:rgbLed_setPurple)
                  000132ae    00000032     main.obj (.text:rgbLed_setSiemensGreen)
                  000132e0    00000030     main.obj (.text:PwmStartStop)
                  00013310    00000030     main.obj (.text:acMeterUpdateData)
                  00013340    00000030     main.obj (.text:cpTransition_A2)
                  00013370    0000002e     main.obj (.text:acMeterHandleTxCompleteISR)
                  0001339e    0000002e     main.obj (.text:cpTransition_A1)
                  000133cc    0000002e     main.obj (.text:cpTransition_C2)
                  000133fa    0000002e     main.obj (.text:handleUartFrame)
                  00013428    0000002c     main.obj (.text:HAL_INIT_UART)
                  00013454    0000002c     main.obj (.text:HAL_SYS_INIT)
                  00013480    0000002c     main.obj (.text:getAdcResults)
                  000134ac    0000002c     main.obj (.text:relayCtrl)
                  000134d8    0000002a     main.obj (.text:uartReqRsp)
                  00013502    00000028     main.obj (.text:HAL_PWM_INIT_TA3)
                  0001352a    00000028     PetitModbus.obj (.text:HandlePetitModbusError)
                  00013552    00000028     main.obj (.text:acMeterProcessTransmit)
                  0001357a    00000026     main.obj (.text:HAL_INIT)
                  000135a0    00000026     PetitModbusPort.obj (.text:ReceiveInterrupt)
                  000135c6    00000026     main.obj (.text:is_1s_Occured)
                  000135ec    00000024     main.obj (.text:acMeterReadActiveEnergy)
                  00013610    00000024     main.obj (.text:acMeterReadActivePower)
                  00013634    00000024     rts430x_lc_rd_eabi.lib : copy_zero_init.c.obj (.text:decompress:ZI:__TI_zero_init)
                  00013658    00000024     main.obj (.text:pp_Handle)
                  0001367c    00000024     softuart.obj (.text:softuart_getc)
                  000136a0    00000024     main.obj (.text:uartUpdate)
                  000136c4    00000022     main.obj (.text:HAL_RESET_ALL_GPIO)
                  000136e6    00000020     main.obj (.text:configSPI)
                  00013706    00000020     main.obj (.text:cpTransition_C1)
                  00013726    0000001e     main.obj (.text:HAL_GPIO_INIT)
                  00013744    0000001e     main.obj (.text:calculateEnergyUsage)
                  00013762    0000001c     main.obj (.text:isSockedLocked)
                  0001377e    0000001c     main.obj (.text:readLM75)
                  0001379a    0000001c     main.obj (.text:readMotorInput)
                  000137b6    0000001c     softuart.obj (.text:softuart_putc)
                  000137d2    0000001a     main.obj (.text:HAL_INIT_XINT)
                  000137ec    00000018     PetitModbus.obj (.text:Petit_CheckRxTimeout)
                  00013804    00000018     rts430x_lc_rd_eabi.lib : mult16_f5hw.asm.obj (.text)
                  0001381c    00000016     main.obj (.text:HAL_SET_PWMDUTY_PWM3)
                  00013832    00000016     PetitModbus.obj (.text:InitPetitModbus)
                  00013848    00000016     PetitModbus.obj (.text:PetitSendMessage)
                  0001385e    00000016     rts430x_lc_rd_eabi.lib : memset.c.obj (.text:memset)
                  00013874    00000016                            : div16u.asm.obj (.text)
                  0001388a    00000014     main.obj (.text:HAL_TIMER_INIT_TA1)
                  0001389e    00000014     main.obj (.text:HAL_TIMER_INIT_TA2)
                  000138b2    00000014     PetitModbus.obj (.text:Petit_DoSlaveTX)
                  000138c6    00000014     main.obj (.text:acMeterHandleRxISR)
                  000138da    00000014     rts430x_lc_rd_eabi.lib : memcpy.c.obj (.text:memcpy)
                  000138ee    00000012     PetitModbus.obj (.text:Petit_RxDataAvailable)
                  00013900    00000012     rts430x_lc_rd_eabi.lib : copy_decompress_none.c.obj (.text:decompress:none:__TI_decompress_none)
                  00013912    0000000e     main.obj (.text:HAL_GPIO_ACTUATOR_INIT)
                  00013920    0000000e     main.obj (.text:HAL_GPIO_INIT_LEDGREEN)
                  0001392e    0000000e     main.obj (.text:HAL_GPIO_INIT_OUTRELAY1)
                  0001393c    0000000e     main.obj (.text:HAL_TIMER_INIT)
                  0001394a    0000000e     PetitModbusPort.obj (.text:RS485_Init)
                  00013958    0000000e     main.obj (.text:rgbLed_init)
                  00013966    0000000a     main.obj (.text:HAL_GPIO_INIT_ACT_IN1)
                  00013970    0000000a     main.obj (.text:HAL_GPIO_INIT_ACT_IN2)
                  0001397a    0000000a     main.obj (.text:HAL_GPIO_INIT_BUZZER)
                  00013984    0000000a     main.obj (.text:HAL_GPIO_INIT_L1RELAY)
                  0001398e    0000000a     main.obj (.text:HAL_GPIO_INIT_L3RELAY)
                  00013998    0000000a     main.obj (.text:HAL_GPIO_INIT_LEDRED)
                  000139a2    0000000a     PetitModbusPort.obj (.text:PetitModBus_UART_Putch)
                  000139ac    0000000a     main.obj (.text:brakeMotor)
                  000139b6    0000000a     main.obj (.text:checkandHandleLimits)
                  000139c0    0000000a     main.obj (.text:forwardMotor)
                  000139ca    0000000a     main.obj (.text:reverseMotor)
                  000139d4    0000000a     main.obj (.text:stopMotor)
                  000139de    00000008     main.obj (.text:HAL_START_PWM3)
                  000139e6    00000008     main.obj (.text:HAL_STOP_PWM3)
                  000139ee    00000006     main.obj (.text:HAL_GPIO_INIT_MOTOR_IN)
                  000139f4    00000006     PetitModbusPort.obj (.text:PetitModBus_TimerValues)
                  000139fa    00000006     PetitModbusPort.obj (.text:PetitModBus_UART_Initialise)
                  00013a00    00000006     PetitModbusPort.obj (.text:RS485_DisableTransmit)
                  00013a06    00000006     main.obj (.text:RS485_DisableTransmit)
                  00013a0c    00000006     main.obj (.text:RS485_EnableTransmit)
                  00013a12    00000006     rts430x_lc_rd_eabi.lib : exit.c.obj (.text:abort)
                  00013a18    00000004                            : pre_init.c.obj (.text:_system_pre_init)
                  00013a1c    00000002     PetitModbusPort.obj (.text:PetitModBus_TIMER_Initialise)
                  00013a1e    00000002     main.obj (.text:Port_Mapping)
                  00013a20    00000002     rts430x_lc_rd_eabi.lib : startup.c.obj (.text:_system_post_cinit)
                  00013a22    00000002     main.obj (.text:configClock)

MODULE SUMMARY

       Module                       code    ro data   rw data
       ------                       ----    -------   -------
    .\
       main.obj                     10324   26        3909   
    +--+----------------------------+-------+---------+---------+
       Total:                       10324   26        3909   
                                                             
    .\acmeter\
       PetitModbus.obj              1578    0         104    
       PetitModbusPort.obj          308     0         27     
       PetitRegConstant.obj         0       0         20     
    +--+----------------------------+-------+---------+---------+
       Total:                       1886    0         151    
                                                             
    .\communication\
       softuart.obj                 304     0         2      
    +--+----------------------------+-------+---------+---------+
       Total:                       304     0         2      
                                                             
    .\ws2812\
       ws2812.obj                   862     0         0      
    +--+----------------------------+-------+---------+---------+
       Total:                       862     0         0      
                                                             
    C:\ti\ccs1260\ccs\tools\compiler\ti-cgt-msp430_21.6.1.LTS\lib\rts430x_lc_rd_eabi.lib
       cmpd.c.obj                   216     0         0      
       fs_mpy.asm.obj               184     0         0      
       copy_decompress_lzss.c.obj   118     0         0      
       fs_toi.asm.obj               104     0         0      
       cvtfd.c.obj                  100     0         0      
       autoinit.c.obj               84      0         0      
       fs_cmp.asm.obj               74      0         0      
       fs_tou.asm.obj               70      0         0      
       asr32.asm.obj                62      0         0      
       lsr32.asm.obj                62      0         0      
       lsr64.c.obj                  58      0         0      
       copy_zero_init.c.obj         36      0         0      
       boot.c.obj                   28      2         0      
       mult16_f5hw.asm.obj          24      0         0      
       div16u.asm.obj               22      0         0      
       memset.c.obj                 22      0         0      
       memcpy.c.obj                 20      0         0      
       copy_decompress_none.c.obj   18      0         0      
       isr_trap.asm.obj             8       0         0      
       exit.c.obj                   6       0         0      
       pre_init.c.obj               4       0         0      
       int37.asm.obj                0       2         0      
       int38.asm.obj                0       2         0      
       int39.asm.obj                0       2         0      
       int40.asm.obj                0       2         0      
       int43.asm.obj                0       2         0      
       int45.asm.obj                0       2         0      
       int46.asm.obj                0       2         0      
       int48.asm.obj                0       2         0      
       int51.asm.obj                0       2         0      
       int52.asm.obj                0       2         0      
       int53.asm.obj                0       2         0      
       int54.asm.obj                0       2         0      
       int55.asm.obj                0       2         0      
       int57.asm.obj                0       2         0      
       int60.asm.obj                0       2         0      
       int61.asm.obj                0       2         0      
       int62.asm.obj                0       2         0      
       startup.c.obj                2       0         0      
    +--+----------------------------+-------+---------+---------+
       Total:                       1322    36        0      
                                                             
    C:\ti\msp430ware_3_80_14_01\iqmathlib\libraries\CCS\MPY32\5xx_6xx\IQmathLib_CCS_MPY32_5xx_6xx_CPUX_large_code_restricted_data.lib
       _IQNdiv.o                    468     0         0      
       _IQNsqrt.o                   316     0         0      
       _IQNtables.o                 0       257       0      
       _IQNtoF.o                    114     0         0      
       __IQNmpy.o                   56      0         0      
    +--+----------------------------+-------+---------+---------+
       Total:                       954     257       0      
                                                             
       Stack:                       0       0         160    
       Linker Generated:            0       110       0      
    +--+----------------------------+-------+---------+---------+
       Grand Total:                 15652   429       4222   


LINKER GENERATED COPY TABLES

__TI_cinit_table @ 0000c468 records: 2, size/record: 8, table size: 16
	.data: load addr=0000c40a, load size=0000004c bytes, run addr=0000279a, run size=00000445 bytes, compression=lzss
	.bss: load addr=0000c462, load size=00000006 bytes, run addr=00001c00, run size=00000b99 bytes, compression=zero_init


LINKER GENERATED HANDLER TABLE

__TI_handler_table @ 0000c456 records: 3, size/record: 4, table size: 12
	index: 0, handler: __TI_zero_init
	index: 1, handler: __TI_decompress_lzss
	index: 2, handler: __TI_decompress_none


GLOBAL SYMBOLS: SORTED ALPHABETICALLY BY Name 

address   name                                   
-------   ----                                   
00000740  ADC10CTL0                              
00000741  ADC10CTL0_H                            
00000740  ADC10CTL0_L                            
00000742  ADC10CTL1                              
00000743  ADC10CTL1_H                            
00000742  ADC10CTL1_L                            
00000744  ADC10CTL2                              
00000745  ADC10CTL2_H                            
00000744  ADC10CTL2_L                            
00000748  ADC10HI                                
00000749  ADC10HI_H                              
00000748  ADC10HI_L                              
0000075a  ADC10IE                                
0000075b  ADC10IE_H                              
0000075a  ADC10IE_L                              
0000075c  ADC10IFG                               
0000075d  ADC10IFG_H                             
0000075c  ADC10IFG_L                             
0000075e  ADC10IV                                
0000075f  ADC10IV_H                              
0000075e  ADC10IV_L                              
00000746  ADC10LO                                
00000747  ADC10LO_H                              
00000746  ADC10LO_L                              
0000074a  ADC10MCTL0                             
0000074b  ADC10MCTL0_H                           
0000074a  ADC10MCTL0_L                           
00000752  ADC10MEM0                              
00000753  ADC10MEM0_H                            
00000752  ADC10MEM0_L                            
00002a6a  ADC_Result                             
000009f2  AUX2CHCTL                              
000009f3  AUX2CHCTL_H                            
000009f2  AUX2CHCTL_L                            
000009f4  AUX3CHCTL                              
000009f5  AUX3CHCTL_H                            
000009f4  AUX3CHCTL_L                            
000009f6  AUXADCCTL                              
000009f7  AUXADCCTL_H                            
000009f6  AUXADCCTL_L                            
000009e0  AUXCTL0                                
000009e1  AUXCTL0_H                              
000009e0  AUXCTL0_L                              
000009e2  AUXCTL1                                
000009e3  AUXCTL1_H                              
000009e2  AUXCTL1_L                              
000009e4  AUXCTL2                                
000009e5  AUXCTL2_H                              
000009e4  AUXCTL2_L                              
000009fc  AUXIE                                  
000009fd  AUXIE_H                                
000009fc  AUXIE_L                                
000009fa  AUXIFG                                 
000009fb  AUXIFG_H                               
000009fa  AUXIFG_L                               
000009fe  AUXIV                                  
000009ff  AUXIV_H                                
000009fe  AUXIV_L                                
00000480  BAKMEM0                                
00000481  BAKMEM0_H                              
00000480  BAKMEM0_L                              
00000482  BAKMEM1                                
00000483  BAKMEM1_H                              
00000482  BAKMEM1_L                              
00000484  BAKMEM2                                
00000485  BAKMEM2_H                              
00000484  BAKMEM2_L                              
00000486  BAKMEM3                                
00000487  BAKMEM3_H                              
00000486  BAKMEM3_L                              
00000c9e  BCD2BIN                                
00000c9c  BIN2BCD                                
00013a12  C$$EXIT                                
000008c0  CBCTL0                                 
000008c1  CBCTL0_H                               
000008c0  CBCTL0_L                               
000008c2  CBCTL1                                 
000008c3  CBCTL1_H                               
000008c2  CBCTL1_L                               
000008c4  CBCTL2                                 
000008c5  CBCTL2_H                               
000008c4  CBCTL2_L                               
000008c6  CBCTL3                                 
000008c7  CBCTL3_H                               
000008c6  CBCTL3_L                               
000008cc  CBINT                                  
000008cd  CBINT_H                                
000008cc  CBINT_L                                
000008ce  CBIV                                   
00000150  CRCDI                                  
00000152  CRCDIRB                                
00000153  CRCDIRB_H                              
00000152  CRCDIRB_L                              
00000151  CRCDI_H                                
00000150  CRCDI_L                                
00000154  CRCINIRES                              
00000155  CRCINIRES_H                            
00000154  CRCINIRES_L                            
00000156  CRCRESR                                
00000157  CRCRESR_H                              
00000156  CRCRESR_L                              
000026a2  ChResults                              
00011e50  CheckPetitModbusBufferComplete         
00012d3e  CopyArray                              
00000510  DMA0CTL                                
00000516  DMA0DA                                 
00000518  DMA0DAH                                
00000516  DMA0DAL                                
00000512  DMA0SA                                 
00000514  DMA0SAH                                
00000512  DMA0SAL                                
0000051a  DMA0SZ                                 
0000c230  DMA0_ISR                               
00000520  DMA1CTL                                
00000526  DMA1DA                                 
00000528  DMA1DAH                                
00000526  DMA1DAL                                
00000522  DMA1SA                                 
00000524  DMA1SAH                                
00000522  DMA1SAL                                
0000052a  DMA1SZ                                 
00000530  DMA2CTL                                
00000536  DMA2DA                                 
00000538  DMA2DAH                                
00000536  DMA2DAL                                
00000532  DMA2SA                                 
00000534  DMA2SAH                                
00000532  DMA2SAL                                
0000053a  DMA2SZ                                 
00000500  DMACTL0                                
00000502  DMACTL1                                
00000504  DMACTL2                                
00000506  DMACTL3                                
00000508  DMACTL4                                
0000050e  DMAIV                                  
00000140  FCTL1                                  
00000141  FCTL1_H                                
00000140  FCTL1_L                                
00000144  FCTL3                                  
00000145  FCTL3_H                                
00000144  FCTL3_L                                
00000146  FCTL4                                  
00000147  FCTL4_H                                
00000146  FCTL4_L                                
00002734  FSM                                    
00013912  HAL_GPIO_ACTUATOR_INIT                 
00013966  HAL_GPIO_INIT_ACT_IN1                  
00013970  HAL_GPIO_INIT_ACT_IN2                  
0001397a  HAL_GPIO_INIT_BUZZER                   
00013984  HAL_GPIO_INIT_L1RELAY                  
0001398e  HAL_GPIO_INIT_L3RELAY                  
00013920  HAL_GPIO_INIT_LEDGREEN                 
00013998  HAL_GPIO_INIT_LEDRED                   
000139ee  HAL_GPIO_INIT_MOTOR_IN                 
0001392e  HAL_GPIO_INIT_OUTRELAY1                
00013182  HAL_INIT_I2C                           
00013428  HAL_INIT_UART                          
000137d2  HAL_INIT_XINT                          
000127d8  HAL_PORT_MAPPING                       
00013502  HAL_PWM_INIT_TA3                       
0001381c  HAL_SET_PWMDUTY_PWM3                   
000139de  HAL_START_PWM3                         
000139e6  HAL_STOP_PWM3                          
0001388a  HAL_TIMER_INIT_TA1                     
0001389e  HAL_TIMER_INIT_TA2                     
000116a8  HandleMPetitodbusWriteMultipleRegisters
0001352a  HandlePetitModbusError                 
00011b22  HandlePetitModbusReadHoldingRegisters  
00011f74  HandlePetitModbusWriteSingleRegister   
00012948  I2C_Master_ReadReg                     
00013832  InitPetitModbus                        
00000a40  LCDBM1                                 
00000a49  LCDBM10                                
00000a4a  LCDBM11                                
00000a4b  LCDBM12                                
00000a4c  LCDBM13                                
00000a4d  LCDBM14                                
00000a4e  LCDBM15                                
00000a4f  LCDBM16                                
00000a50  LCDBM17                                
00000a51  LCDBM18                                
00000a52  LCDBM19                                
00000a41  LCDBM2                                 
00000a53  LCDBM20                                
00000a42  LCDBM3                                 
00000a43  LCDBM4                                 
00000a44  LCDBM5                                 
00000a45  LCDBM6                                 
00000a46  LCDBM7                                 
00000a47  LCDBM8                                 
00000a48  LCDBM9                                 
00000a04  LCDCBLKCTL                             
00000a05  LCDCBLKCTL_H                           
00000a04  LCDCBLKCTL_L                           
00000a12  LCDCCPCTL                              
00000a13  LCDCCPCTL_H                            
00000a12  LCDCCPCTL_L                            
00000a00  LCDCCTL0                               
00000a01  LCDCCTL0_H                             
00000a00  LCDCCTL0_L                             
00000a02  LCDCCTL1                               
00000a03  LCDCCTL1_H                             
00000a02  LCDCCTL1_L                             
00000a1e  LCDCIV                                 
00000a06  LCDCMEMCTL                             
00000a07  LCDCMEMCTL_H                           
00000a06  LCDCMEMCTL_L                           
00000a0a  LCDCPCTL0                              
00000a0b  LCDCPCTL0_H                            
00000a0a  LCDCPCTL0_L                            
00000a0c  LCDCPCTL1                              
00000a0d  LCDCPCTL1_H                            
00000a0c  LCDCPCTL1_L                            
00000a0e  LCDCPCTL2                              
00000a0f  LCDCPCTL2_H                            
00000a0e  LCDCPCTL2_L                            
00000a08  LCDCVCTL                               
00000a09  LCDCVCTL_H                             
00000a08  LCDCVCTL_L                             
00000a20  LCDM1                                  
00000a29  LCDM10                                 
00000a2a  LCDM11                                 
00000a2b  LCDM12                                 
00000a2c  LCDM13                                 
00000a2d  LCDM14                                 
00000a2e  LCDM15                                 
00000a2f  LCDM16                                 
00000a30  LCDM17                                 
00000a31  LCDM18                                 
00000a32  LCDM19                                 
00000a21  LCDM2                                  
00000a33  LCDM20                                 
00000a34  LCDM21                                 
00000a35  LCDM22                                 
00000a36  LCDM23                                 
00000a37  LCDM24                                 
00000a38  LCDM25                                 
00000a39  LCDM26                                 
00000a3a  LCDM27                                 
00000a3b  LCDM28                                 
00000a3c  LCDM29                                 
00000a22  LCDM3                                  
00000a3d  LCDM30                                 
00000a3e  LCDM31                                 
00000a3f  LCDM32                                 
00000a40  LCDM33                                 
00000a41  LCDM34                                 
00000a42  LCDM35                                 
00000a43  LCDM36                                 
00000a44  LCDM37                                 
00000a45  LCDM38                                 
00000a46  LCDM39                                 
00000a23  LCDM4                                  
00000a47  LCDM40                                 
00000a24  LCDM5                                  
00000a25  LCDM6                                  
00000a26  LCDM7                                  
00000a27  LCDM8                                  
00000a28  LCDM9                                  
000004c4  MAC                                    
000004da  MAC32H                                 
000004db  MAC32H_H                               
000004da  MAC32H_L                               
000004d8  MAC32L                                 
000004d9  MAC32L_H                               
000004d8  MAC32L_L                               
000004c6  MACS                                   
000004de  MACS32H                                
000004df  MACS32H_H                              
000004de  MACS32H_L                              
000004dc  MACS32L                                
000004dd  MACS32L_H                              
000004dc  MACS32L_L                              
000004c7  MACS_H                                 
000004c6  MACS_L                                 
000004c5  MAC_H                                  
000004c4  MAC_L                                  
000004c0  MPY                                    
000004ec  MPY32CTL0                              
000004ed  MPY32CTL0_H                            
000004ec  MPY32CTL0_L                            
000004d2  MPY32H                                 
000004d3  MPY32H_H                               
000004d2  MPY32H_L                               
000004d0  MPY32L                                 
000004d1  MPY32L_H                               
000004d0  MPY32L_L                               
000004c2  MPYS                                   
000004d6  MPYS32H                                
000004d7  MPYS32H_H                              
000004d6  MPYS32H_L                              
000004d4  MPYS32L                                
000004d5  MPYS32L_H                              
000004d4  MPYS32L_L                              
000004c3  MPYS_H                                 
000004c2  MPYS_L                                 
000004c1  MPY_H                                  
000004c0  MPY_L                                  
00002aec  MasterMode                             
000004c8  OP2                                    
000004e2  OP2H                                   
000004e3  OP2H_H                                 
000004e2  OP2H_L                                 
000004e0  OP2L                                   
000004e1  OP2L_H                                 
000004e0  OP2L_L                                 
000004c9  OP2_H                                  
000004c8  OP2_L                                  
0000020e  P1IV                                   
0000021e  P2IV                                   
000001d0  P2MAP01                                
000001d1  P2MAP01_H                              
000001d0  P2MAP01_L                              
000001d2  P2MAP23                                
000001d3  P2MAP23_H                              
000001d2  P2MAP23_L                              
000001d4  P2MAP45                                
000001d5  P2MAP45_H                              
000001d4  P2MAP45_L                              
000001d6  P2MAP67                                
000001d7  P2MAP67_H                              
000001d6  P2MAP67_L                              
000001d8  P3MAP01                                
000001d9  P3MAP01_H                              
000001d8  P3MAP01_L                              
000001da  P3MAP23                                
000001db  P3MAP23_H                              
000001da  P3MAP23_L                              
000001dc  P3MAP45                                
000001dd  P3MAP45_H                              
000001dc  P3MAP45_L                              
000001de  P3MAP67                                
000001df  P3MAP67_H                              
000001de  P3MAP67_L                              
000001e0  P4MAP01                                
000001e1  P4MAP01_H                              
000001e0  P4MAP01_L                              
000001e2  P4MAP23                                
000001e3  P4MAP23_H                              
000001e2  P4MAP23_L                              
000001e4  P4MAP45                                
000001e5  P4MAP45_H                              
000001e4  P4MAP45_L                              
000001e6  P4MAP67                                
000001e7  P4MAP67_H                              
000001e6  P4MAP67_L                              
00000204  PADIR                                  
00000205  PADIR_H                                
00000204  PADIR_L                                
00000208  PADS                                   
00000209  PADS_H                                 
00000208  PADS_L                                 
0000021a  PAIE                                   
00000218  PAIES                                  
00000219  PAIES_H                                
00000218  PAIES_L                                
0000021b  PAIE_H                                 
0000021a  PAIE_L                                 
0000021c  PAIFG                                  
0000021d  PAIFG_H                                
0000021c  PAIFG_L                                
00000200  PAIN                                   
00000201  PAIN_H                                 
00000200  PAIN_L                                 
00000202  PAOUT                                  
00000203  PAOUT_H                                
00000202  PAOUT_L                                
00000206  PAREN                                  
00000207  PAREN_H                                
00000206  PAREN_L                                
0000020a  PASEL0                                 
0000020b  PASEL0_H                               
0000020a  PASEL0_L                               
0000020c  PASEL1                                 
0000020d  PASEL1_H                               
0000020c  PASEL1_L                               
00000224  PBDIR                                  
00000225  PBDIR_H                                
00000224  PBDIR_L                                
00000228  PBDS                                   
00000229  PBDS_H                                 
00000228  PBDS_L                                 
00000220  PBIN                                   
00000221  PBIN_H                                 
00000220  PBIN_L                                 
00000222  PBOUT                                  
00000223  PBOUT_H                                
00000222  PBOUT_L                                
00000226  PBREN                                  
00000227  PBREN_H                                
00000226  PBREN_L                                
0000022a  PBSEL0                                 
0000022b  PBSEL0_H                               
0000022a  PBSEL0_L                               
00000244  PCDIR                                  
00000245  PCDIR_H                                
00000244  PCDIR_L                                
00000248  PCDS                                   
00000249  PCDS_H                                 
00000248  PCDS_L                                 
00000240  PCIN                                   
00000241  PCIN_H                                 
00000240  PCIN_L                                 
00000242  PCOUT                                  
00000243  PCOUT_H                                
00000242  PCOUT_L                                
00000246  PCREN                                  
00000247  PCREN_H                                
00000246  PCREN_L                                
0000024a  PCSEL0                                 
0000024b  PCSEL0_H                               
0000024a  PCSEL0_L                               
0000024c  PCSEL1                                 
0000024d  PCSEL1_H                               
0000024c  PCSEL1_L                               
00000264  PDDIR                                  
00000265  PDDIR_H                                
00000264  PDDIR_L                                
00000268  PDDS                                   
00000269  PDDS_H                                 
00000268  PDDS_L                                 
00000260  PDIN                                   
00000261  PDIN_H                                 
00000260  PDIN_L                                 
00000262  PDOUT                                  
00000263  PDOUT_H                                
00000262  PDOUT_L                                
00000266  PDREN                                  
00000267  PDREN_H                                
00000266  PDREN_L                                
0000026a  PDSEL0                                 
0000026b  PDSEL0_H                               
0000026a  PDSEL0_L                               
00000284  PEDIR                                  
00000285  PEDIR_H                                
00000284  PEDIR_L                                
00000288  PEDS                                   
00000289  PEDS_H                                 
00000288  PEDS_L                                 
00000280  PEIN                                   
00000281  PEIN_H                                 
00000280  PEIN_L                                 
00000282  PEOUT                                  
00000283  PEOUT_H                                
00000282  PEOUT_L                                
00000286  PEREN                                  
00000287  PEREN_H                                
00000286  PEREN_L                                
0000028a  PESEL0                                 
0000028b  PESEL0_H                               
0000028a  PESEL0_L                               
00002bc6  PETITMODBUS_SLAVE_ADDRESS              
000002a4  PFDIR                                  
000002a5  PFDIR_H                                
000002a4  PFDIR_L                                
000002a8  PFDS                                   
000002a9  PFDS_H                                 
000002a8  PFDS_L                                 
000002a0  PFIN                                   
000002a1  PFIN_H                                 
000002a0  PFIN_L                                 
000002a2  PFOUT                                  
000002a3  PFOUT_H                                
000002a2  PFOUT_L                                
000002a6  PFREN                                  
000002a7  PFREN_H                                
000002a6  PFREN_L                                
000002aa  PFSEL0                                 
000002ab  PFSEL0_H                               
000002aa  PFSEL0_L                               
00000324  PJDIR                                  
00000325  PJDIR_H                                
00000324  PJDIR_L                                
00000328  PJDS                                   
00000329  PJDS_H                                 
00000328  PJDS_L                                 
00000320  PJIN                                   
00000321  PJIN_H                                 
00000320  PJIN_L                                 
00000322  PJOUT                                  
00000323  PJOUT_H                                
00000322  PJOUT_L                                
00000326  PJREN                                  
00000327  PJREN_H                                
00000326  PJREN_L                                
0000032a  PJSEL                                  
0000032b  PJSEL_H                                
0000032a  PJSEL_L                                
00000130  PM5CTL0                                
00000131  PM5CTL0_H                              
00000130  PM5CTL0_L                              
000001c2  PMAPCTL                                
000001c3  PMAPCTL_H                              
000001c2  PMAPCTL_L                              
000001c0  PMAPKEYID                              
000001c1  PMAPKEYID_H                            
000001c0  PMAPKEYID_L                            
00000120  PMMCTL0                                
00000121  PMMCTL0_H                              
00000120  PMMCTL0_L                              
00000122  PMMCTL1                                
00000123  PMMCTL1_H                              
00000122  PMMCTL1_L                              
0000012c  PMMIFG                                 
0000012d  PMMIFG_H                               
0000012c  PMMIFG_L                               
0000012e  PMMRIE                                 
0000012f  PMMRIE_H                               
0000012e  PMMRIE_L                               
00013a1c  PetitModBus_TIMER_Initialise           
000139f4  PetitModBus_TimerValues                
000139fa  PetitModBus_UART_Initialise            
000139a2  PetitModBus_UART_Putch                 
00012f82  PetitModBus_UART_String                
00002bd6  PetitModbusTimerValue                  
000026be  PetitReceiveBuffer                     
00002bdb  PetitReceiveCounter                    
000026f2  PetitRegisters                         
00013848  PetitSendMessage                       
00012b84  Petit_CRC16                            
000137ec  Petit_CheckRxTimeout                   
000138b2  Petit_DoSlaveTX                        
000138ee  Petit_RxDataAvailable                  
0001177c  Petit_RxRTU                            
00002bd0  Petit_Rx_CRC16                         
00002666  Petit_Rx_Data                          
00002bd4  Petit_Rx_Data_Available                
00002bd2  Petit_Rx_State                         
00011c7c  Petit_TxRTU                            
000026d8  Petit_Tx_Buf                           
00002bce  Petit_Tx_Buf_Size                      
00002bca  Petit_Tx_CRC16                         
00002bc8  Petit_Tx_Current                       
00002684  Petit_Tx_Data                          
00002bcc  Petit_Tx_State                         
0000c2f8  Port_2                                 
00013a1e  Port_Mapping                           
000132e0  PwmStartStop                           
00000158  RCCTL0                                 
00000159  RCCTL0_H                               
00000158  RCCTL0_L                               
000001b0  REFCTL0                                
000001b1  REFCTL0_H                              
000001b0  REFCTL0_L                              
000004e4  RES0                                   
000004e5  RES0_H                                 
000004e4  RES0_L                                 
000004e6  RES1                                   
000004e7  RES1_H                                 
000004e6  RES1_L                                 
000004e8  RES2                                   
000004e9  RES2_H                                 
000004e8  RES2_L                                 
000004ea  RES3                                   
000004eb  RES3_H                                 
000004ea  RES3_L                                 
000004cc  RESHI                                  
000004cd  RESHI_H                                
000004cc  RESHI_L                                
000004ca  RESLO                                  
000004cb  RESLO_H                                
000004ca  RESLO_L                                
00000c9a  RTCADOWDAY                             
00000c9b  RTCADOWDAY_H                           
00000c9a  RTCADOWDAY_L                           
00000c98  RTCAMINHR                              
00000c99  RTCAMINHR_H                            
00000c98  RTCAMINHR_L                            
00000ca2  RTCCAP0CTL                             
00000ca3  RTCCAP1CTL                             
00000c80  RTCCTL0                                
00000c81  RTCCTL0_H                              
00000c80  RTCCTL0_L                              
00000c82  RTCCTL13                               
00000c83  RTCCTL13_H                             
00000c82  RTCCTL13_L                             
00000c94  RTCDATE                                
00000c95  RTCDATE_H                              
00000c94  RTCDATE_L                              
00000cb3  RTCDAYBAK0                             
00000cbb  RTCDAYBAK1                             
00000cb2  RTCHOURBAK0                            
00000cba  RTCHOURBAK1                            
00000c8e  RTCIV                                  
00000cb1  RTCMINBAK0                             
00000cb9  RTCMINBAK1                             
00000cb4  RTCMONBAK0                             
00000cbc  RTCMONBAK1                             
00000c84  RTCOCAL                                
00000c85  RTCOCAL_H                              
00000c84  RTCOCAL_L                              
00000c8c  RTCPS                                  
00000c88  RTCPS0CTL                              
00000c89  RTCPS0CTL_H                            
00000c88  RTCPS0CTL_L                            
00000c8a  RTCPS1CTL                              
00000c8b  RTCPS1CTL_H                            
00000c8a  RTCPS1CTL_L                            
00000c8d  RTCPS_H                                
00000c8c  RTCPS_L                                
00000cb0  RTCSECBAK0                             
00000cb8  RTCSECBAK1                             
00000ca0  RTCTCCTL0                              
00000ca1  RTCTCCTL1                              
00000c86  RTCTCMP                                
00000c87  RTCTCMP_H                              
00000c86  RTCTCMP_L                              
00000c90  RTCTIM0                                
00000c91  RTCTIM0_H                              
00000c90  RTCTIM0_L                              
00000c92  RTCTIM1                                
00000c93  RTCTIM1_H                              
00000c92  RTCTIM1_L                              
00000c96  RTCYEAR                                
00000cb6  RTCYEARBAK0                            
00000cbe  RTCYEARBAK1                            
00000c97  RTCYEAR_H                              
00000c96  RTCYEAR_L                              
00002aef  RXByteCtr                              
00002790  RXRegister                             
00002b9e  ReceiveBuffer                          
00002af0  ReceiveIndex                           
000135a0  ReceiveInterrupt                       
00000810  SD24BCCTL0                             
00000811  SD24BCCTL0_H                           
00000810  SD24BCCTL0_L                           
00000818  SD24BCCTL1                             
00000819  SD24BCCTL1_H                           
00000818  SD24BCCTL1_L                           
00000820  SD24BCCTL2                             
00000821  SD24BCCTL2_H                           
00000820  SD24BCCTL2_L                           
00000828  SD24BCCTL3                             
00000829  SD24BCCTL3_H                           
00000828  SD24BCCTL3_L                           
00000830  SD24BCCTL4                             
00000831  SD24BCCTL4_H                           
00000830  SD24BCCTL4_L                           
00000838  SD24BCCTL5                             
00000839  SD24BCCTL5_H                           
00000838  SD24BCCTL5_L                           
00000840  SD24BCCTL6                             
00000841  SD24BCCTL6_H                           
00000840  SD24BCCTL6_L                           
00000800  SD24BCTL0                              
00000801  SD24BCTL0_H                            
00000800  SD24BCTL0_L                            
00000802  SD24BCTL1                              
00000803  SD24BCTL1_H                            
00000802  SD24BCTL1_L                            
0000080c  SD24BIE                                
0000080d  SD24BIE_H                              
0000080c  SD24BIE_L                              
0000080a  SD24BIFG                               
0000080b  SD24BIFG_H                             
0000080a  SD24BIFG_L                             
00000812  SD24BINCTL0                            
00000813  SD24BINCTL0_H                          
00000812  SD24BINCTL0_L                          
0000081a  SD24BINCTL1                            
0000081b  SD24BINCTL1_H                          
0000081a  SD24BINCTL1_L                          
00000822  SD24BINCTL2                            
00000823  SD24BINCTL2_H                          
00000822  SD24BINCTL2_L                          
0000082a  SD24BINCTL3                            
0000082b  SD24BINCTL3_H                          
0000082a  SD24BINCTL3_L                          
00000832  SD24BINCTL4                            
00000833  SD24BINCTL4_H                          
00000832  SD24BINCTL4_L                          
0000083a  SD24BINCTL5                            
0000083b  SD24BINCTL5_H                          
0000083a  SD24BINCTL5_L                          
00000842  SD24BINCTL6                            
00000843  SD24BINCTL6_H                          
00000842  SD24BINCTL6_L                          
0000c270  SD24BISR                               
0000080e  SD24BIV                                
0000080f  SD24BIV_H                              
0000080e  SD24BIV_L                              
00000852  SD24BMEMH0                             
00000853  SD24BMEMH0_H                           
00000852  SD24BMEMH0_L                           
00000856  SD24BMEMH1                             
00000857  SD24BMEMH1_H                           
00000856  SD24BMEMH1_L                           
0000085a  SD24BMEMH2                             
0000085b  SD24BMEMH2_H                           
0000085a  SD24BMEMH2_L                           
0000085e  SD24BMEMH3                             
0000085f  SD24BMEMH3_H                           
0000085e  SD24BMEMH3_L                           
00000862  SD24BMEMH4                             
00000863  SD24BMEMH4_H                           
00000862  SD24BMEMH4_L                           
00000866  SD24BMEMH5                             
00000867  SD24BMEMH5_H                           
00000866  SD24BMEMH5_L                           
0000086a  SD24BMEMH6                             
0000086b  SD24BMEMH6_H                           
0000086a  SD24BMEMH6_L                           
00000850  SD24BMEML0                             
00000851  SD24BMEML0_H                           
00000850  SD24BMEML0_L                           
00000854  SD24BMEML1                             
00000855  SD24BMEML1_H                           
00000854  SD24BMEML1_L                           
00000858  SD24BMEML2                             
00000859  SD24BMEML2_H                           
00000858  SD24BMEML2_L                           
0000085c  SD24BMEML3                             
0000085d  SD24BMEML3_H                           
0000085c  SD24BMEML3_L                           
00000860  SD24BMEML4                             
00000861  SD24BMEML4_H                           
00000860  SD24BMEML4_L                           
00000864  SD24BMEML5                             
00000865  SD24BMEML5_H                           
00000864  SD24BMEML5_L                           
00000868  SD24BMEML6                             
00000869  SD24BMEML6_H                           
00000868  SD24BMEML6_L                           
00000814  SD24BOSR0                              
00000815  SD24BOSR0_H                            
00000814  SD24BOSR0_L                            
0000081c  SD24BOSR1                              
0000081d  SD24BOSR1_H                            
0000081c  SD24BOSR1_L                            
00000824  SD24BOSR2                              
00000825  SD24BOSR2_H                            
00000824  SD24BOSR2_L                            
0000082c  SD24BOSR3                              
0000082d  SD24BOSR3_H                            
0000082c  SD24BOSR3_L                            
00000834  SD24BOSR4                              
00000835  SD24BOSR4_H                            
00000834  SD24BOSR4_L                            
0000083c  SD24BOSR5                              
0000083d  SD24BOSR5_H                            
0000083c  SD24BOSR5_L                            
00000844  SD24BOSR6                              
00000845  SD24BOSR6_H                            
00000844  SD24BOSR6_L                            
00000816  SD24BPRE0                              
00000817  SD24BPRE0_H                            
00000816  SD24BPRE0_L                            
0000081e  SD24BPRE1                              
0000081f  SD24BPRE1_H                            
0000081e  SD24BPRE1_L                            
00000826  SD24BPRE2                              
00000827  SD24BPRE2_H                            
00000826  SD24BPRE2_L                            
0000082e  SD24BPRE3                              
0000082f  SD24BPRE3_H                            
0000082e  SD24BPRE3_L                            
00000836  SD24BPRE4                              
00000837  SD24BPRE4_H                            
00000836  SD24BPRE4_L                            
0000083e  SD24BPRE5                              
0000083f  SD24BPRE5_H                            
0000083e  SD24BPRE5_L                            
00000846  SD24BPRE6                              
00000847  SD24BPRE6_H                            
00000846  SD24BPRE6_L                            
00000804  SD24BTRGCTL                            
00000805  SD24BTRGCTL_H                          
00000804  SD24BTRGCTL_L                          
00000806  SD24BTRGOSR                            
00000807  SD24BTRGOSR_H                          
00000806  SD24BTRGOSR_L                          
00000808  SD24BTRGPRE                            
00000809  SD24BTRGPRE_H                          
00000808  SD24BTRGPRE_L                          
00000100  SFRIE1                                 
00000101  SFRIE1_H                               
00000100  SFRIE1_L                               
00000102  SFRIFG1                                
00000103  SFRIFG1_H                              
00000102  SFRIFG1_L                              
00000104  SFRRPCR                                
00000105  SFRRPCR_H                              
00000104  SFRRPCR_L                              
000004ce  SUMEXT                                 
000004cf  SUMEXT_H                               
000004ce  SUMEXT_L                               
00000124  SVSMHCTL                               
00000125  SVSMHCTL_H                             
00000124  SVSMHCTL_L                             
00000128  SVSMIO                                 
00000129  SVSMIO_H                               
00000128  SVSMIO_L                               
00000126  SVSMLCTL                               
00000127  SVSMLCTL_H                             
00000126  SVSMLCTL_L                             
00000198  SYSBERRIV                              
00000199  SYSBERRIV_H                            
00000198  SYSBERRIV_L                            
00000182  SYSBSLC                                
00000183  SYSBSLC_H                              
00000182  SYSBSLC_L                              
00000180  SYSCTL                                 
00000181  SYSCTL_H                               
00000180  SYSCTL_L                               
00000186  SYSJMBC                                
00000187  SYSJMBC_H                              
00000186  SYSJMBC_L                              
00000188  SYSJMBI0                               
00000189  SYSJMBI0_H                             
00000188  SYSJMBI0_L                             
0000018a  SYSJMBI1                               
0000018b  SYSJMBI1_H                             
0000018a  SYSJMBI1_L                             
0000018c  SYSJMBO0                               
0000018d  SYSJMBO0_H                             
0000018c  SYSJMBO0_L                             
0000018e  SYSJMBO1                               
0000018f  SYSJMBO1_H                             
0000018e  SYSJMBO1_L                             
0000019e  SYSRSTIV                               
0000019f  SYSRSTIV_H                             
0000019e  SYSRSTIV_L                             
0000019c  SYSSNIV                                
0000019d  SYSSNIV_H                              
0000019c  SYSSNIV_L                              
0000019a  SYSUNIV                                
0000019b  SYSUNIV_H                              
0000019a  SYSUNIV_L                              
00002bdc  SlaveType1                             
00000352  TA0CCR0                                
00000354  TA0CCR1                                
00000356  TA0CCR2                                
00000342  TA0CCTL0                               
00000344  TA0CCTL1                               
00000346  TA0CCTL2                               
00000340  TA0CTL                                 
00000360  TA0EX0                                 
0000036e  TA0IV                                  
00000350  TA0R                                   
00000392  TA1CCR0                                
00000394  TA1CCR1                                
00000382  TA1CCTL0                               
00000384  TA1CCTL1                               
00000380  TA1CTL                                 
000003a0  TA1EX0                                 
000003ae  TA1IV                                  
00000390  TA1R                                   
00000412  TA2CCR0                                
00000414  TA2CCR1                                
00000402  TA2CCTL0                               
00000404  TA2CCTL1                               
00000400  TA2CTL                                 
00000420  TA2EX0                                 
0000042e  TA2IV                                  
00000410  TA2R                                   
00000452  TA3CCR0                                
00000454  TA3CCR1                                
00000442  TA3CCTL0                               
00000444  TA3CCTL1                               
00000440  TA3CTL                                 
00000460  TA3EX0                                 
0000046e  TA3IV                                  
00000450  TA3R                                   
0000c000  TIMER1_A0_ISR                          
0000c104  TIMER2_A0_ISR                          
0000c2fe  TIMER3_A0_ISR                          
00002af1  TXByteCtr                              
00002792  TXRegister                             
00002bb2  TransmitBuffer                         
00002af2  TransmitIndex                          
00002aee  TransmitRegAddr                        
00002470  UART_OBJ                               
000005d0  UCA0ABCTL                              
000005c6  UCA0BRW                                
000005c7  UCA0BRW_H                              
000005c6  UCA0BRW_L                              
000005c0  UCA0CTLW0                              
000005c1  UCA0CTLW0_H                            
000005c0  UCA0CTLW0_L                            
000005c2  UCA0CTLW1                              
000005c3  UCA0CTLW1_H                            
000005c2  UCA0CTLW1_L                            
000005da  UCA0IE                                 
000005db  UCA0IE_H                               
000005da  UCA0IE_L                               
000005dc  UCA0IFG                                
000005dd  UCA0IFG_H                              
000005dc  UCA0IFG_L                              
000005d2  UCA0IRCTL                              
000005d3  UCA0IRCTL_H                            
000005d2  UCA0IRCTL_L                            
000005de  UCA0IV                                 
000005c8  UCA0MCTLW                              
000005c9  UCA0MCTLW_H                            
000005c8  UCA0MCTLW_L                            
000005cc  UCA0RXBUF                              
000005cd  UCA0RXBUF_H                            
000005cc  UCA0RXBUF_L                            
000005ca  UCA0STATW                              
000005ce  UCA0TXBUF                              
000005cf  UCA0TXBUF_H                            
000005ce  UCA0TXBUF_L                            
000005f0  UCA1ABCTL                              
000005e6  UCA1BRW                                
[...]
00000a2e  LCDM15                                 
00000a2f  LCDM16                                 
00000a30  LCDM17                                 
00000a31  LCDM18                                 
00000a32  LCDM19                                 
00000a33  LCDM20                                 
00000a34  LCDM21                                 
00000a35  LCDM22                                 
00000a36  LCDM23                                 
00000a37  LCDM24                                 
00000a38  LCDM25                                 
00000a39  LCDM26                                 
00000a3a  LCDM27                                 
00000a3b  LCDM28                                 
00000a3c  LCDM29                                 
00000a3d  LCDM30                                 
00000a3e  LCDM31                                 
00000a3f  LCDM32                                 
00000a40  LCDBM1                                 
00000a40  LCDM33                                 
00000a41  LCDBM2                                 
00000a41  LCDM34                                 
00000a42  LCDBM3                                 
00000a42  LCDM35                                 
00000a43  LCDBM4                                 
00000a43  LCDM36                                 
00000a44  LCDBM5                                 
00000a44  LCDM37                                 
00000a45  LCDBM6                                 
00000a45  LCDM38                                 
00000a46  LCDBM7                                 
00000a46  LCDM39                                 
00000a47  LCDBM8                                 
00000a47  LCDM40                                 
00000a48  LCDBM9                                 
00000a49  LCDBM10                                
00000a4a  LCDBM11                                
00000a4b  LCDBM12                                
00000a4c  LCDBM13                                
00000a4d  LCDBM14                                
00000a4e  LCDBM15                                
00000a4f  LCDBM16                                
00000a50  LCDBM17                                
00000a51  LCDBM18                                
00000a52  LCDBM19                                
00000a53  LCDBM20                                
00000c80  RTCCTL0                                
00000c80  RTCCTL0_L                              
00000c81  RTCCTL0_H                              
00000c82  RTCCTL13                               
00000c82  RTCCTL13_L                             
00000c83  RTCCTL13_H                             
00000c84  RTCOCAL                                
00000c84  RTCOCAL_L                              
00000c85  RTCOCAL_H                              
00000c86  RTCTCMP                                
00000c86  RTCTCMP_L                              
00000c87  RTCTCMP_H                              
00000c88  RTCPS0CTL                              
00000c88  RTCPS0CTL_L                            
00000c89  RTCPS0CTL_H                            
00000c8a  RTCPS1CTL                              
00000c8a  RTCPS1CTL_L                            
00000c8b  RTCPS1CTL_H                            
00000c8c  RTCPS                                  
00000c8c  RTCPS_L                                
00000c8d  RTCPS_H                                
00000c8e  RTCIV                                  
00000c90  RTCTIM0                                
00000c90  RTCTIM0_L                              
00000c91  RTCTIM0_H                              
00000c92  RTCTIM1                                
00000c92  RTCTIM1_L                              
00000c93  RTCTIM1_H                              
00000c94  RTCDATE                                
00000c94  RTCDATE_L                              
00000c95  RTCDATE_H                              
00000c96  RTCYEAR                                
00000c96  RTCYEAR_L                              
00000c97  RTCYEAR_H                              
00000c98  RTCAMINHR                              
00000c98  RTCAMINHR_L                            
00000c99  RTCAMINHR_H                            
00000c9a  RTCADOWDAY                             
00000c9a  RTCADOWDAY_L                           
00000c9b  RTCADOWDAY_H                           
00000c9c  BIN2BCD                                
00000c9e  BCD2BIN                                
00000ca0  RTCTCCTL0                              
00000ca1  RTCTCCTL1                              
00000ca2  RTCCAP0CTL                             
00000ca3  RTCCAP1CTL                             
00000cb0  RTCSECBAK0                             
00000cb1  RTCMINBAK0                             
00000cb2  RTCHOURBAK0                            
00000cb3  RTCDAYBAK0                             
00000cb4  RTCMONBAK0                             
00000cb6  RTCYEARBAK0                            
00000cb8  RTCSECBAK1                             
00000cb9  RTCMINBAK1                             
00000cba  RTCHOURBAK1                            
00000cbb  RTCDAYBAK1                             
00000cbc  RTCMONBAK1                             
00000cbe  RTCYEARBAK1                            
00001c00  voltageBuffer                          
00002240  cpLevel                                
0000235c  ppLevel                                
00002470  UART_OBJ                               
000024f8  commands                               
0000255c  states                                 
000025c0  qemeter                                
000025f0  uart3                                  
0000261e  qIrms                                  
00002642  qVrms                                  
00002666  Petit_Rx_Data                          
00002684  Petit_Tx_Data                          
000026a2  ChResults                              
000026be  PetitReceiveBuffer                     
000026d8  Petit_Tx_Buf                           
000026f2  PetitRegisters                         
00002706  comm                                   
00002718  limits                                 
00002734  FSM                                    
0000273e  vngEvse                                
00002748  acMeterControl                         
00002750  acMeterData                            
00002758  meter                                  
00002760  meterF                                 
00002768  rly                                    
00002770  rgbledObj                              
00002776  rgbledObjOld                           
0000277c  time                                   
00002782  zc                                     
00002788  acevse                                 
0000278c  led                                    
0000278f  colorIdx                               
00002790  RXRegister                             
00002792  TXRegister                             
00002794  ZCSTAT                                 
00002796  pwmStatus                              
00002798  hasReceived                            
0000279a  frameBuffer                            
000029b6  leds                                   
00002a6a  ADC_Result                             
00002aea  voltageSelect                          
00002aec  MasterMode                             
00002aee  TransmitRegAddr                        
00002aef  RXByteCtr                              
00002af0  ReceiveIndex                           
00002af1  TXByteCtr                              
00002af2  TransmitIndex                          
00002af4  requestOccured                         
00002af6  buzzerRsp                              
00002af8  stopReq                                
00002afa  timerVal                               
00002afc  windex                                 
00002afe  xintCount                              
00002b00  start                                  
00002b02  Vsimcp                                 
00002b04  vcpFirst                               
00002b08  Vcpmid                                 
00002b0c  Vcpconst                               
00002b10  actuatorMotor                          
00002b12  run                                    
00002b14  chargeCompleteFlag                     
00002b16  endTransaction                         
00002b18  buzzerVal                              
00002b1a  rly1                                   
00002b1c  meterStart                             
00002b20  meterStop                              
00002b24  deltaT                                 
00002b28  startTimeout                           
00002b46  emeter                                 
00002b76  dataBuf                                
00002b9e  ReceiveBuffer                          
00002bb2  TransmitBuffer                         
00002bc6  PETITMODBUS_SLAVE_ADDRESS              
00002bc8  Petit_Tx_Current                       
00002bca  Petit_Tx_CRC16                         
00002bcc  Petit_Tx_State                         
00002bce  Petit_Tx_Buf_Size                      
00002bd0  Petit_Rx_CRC16                         
00002bd2  Petit_Rx_State                         
00002bd4  Petit_Rx_Data_Available                
00002bd6  PetitModbusTimerValue                  
00002bd8  blankLed                               
00002bdb  PetitReceiveCounter                    
00002bdc  SlaveType1                             
00005b60  _stack                                 
00005c00  __STACK_END                            
0000c000  TIMER1_A0_ISR                          
0000c104  TIMER2_A0_ISR                          
0000c192  USCI_B0_ISR                            
0000c1ec  USCI_A3_ISR                            
0000c230  DMA0_ISR                               
0000c270  SD24BISR                               
0000c2a4  USCI_A0_ISR                            
0000c2d4  _c_int00_noargs                        
0000c2f0  __TI_ISR_TRAP                          
0000c2f8  Port_2                                 
0000c2fe  TIMER3_A0_ISR                          
0000c300  _IQ14sqrt_lookup                       
0000c3c0  _IQ6div_lookup                         
0000c456  __TI_Handler_Table_Base                
0000c462  __TI_Handler_Table_Limit               
0000c468  __TI_CINIT_Base                        
0000c478  __TI_CINIT_Limit                       
0000c478  __TI_CINIT_Warm                        
0000ffca  __TI_int37                             
0000ffcc  __TI_int38                             
0000ffce  __TI_int39                             
0000ffd0  __TI_int40                             
0000ffd2  __TI_int41                             
0000ffd4  __TI_int42                             
0000ffd6  __TI_int43                             
0000ffd8  __TI_int44                             
0000ffda  __TI_int45                             
0000ffdc  __TI_int46                             
0000ffde  __TI_int47                             
0000ffe0  __TI_int48                             
0000ffe2  __TI_int49                             
0000ffe4  __TI_int50                             
0000ffe6  __TI_int51                             
0000ffe8  __TI_int52                             
0000ffea  __TI_int53                             
0000ffec  __TI_int54                             
0000ffee  __TI_int55                             
0000fff0  __TI_int56                             
0000fff2  __TI_int57                             
0000fff4  __TI_int58                             
0000fff6  __TI_int59                             
0000fff8  __TI_int60                             
0000fffa  __TI_int61                             
0000fffc  __TI_int62                             
0000fffe  _reset_vector                          
00010000  main                                   
00010666  _IQ16div                               
000109ec  encodeData3bit                         
00010b8a  cpVoltageLevel                         
00010e6a  runCharger                             
00010faa  _IQ16sqrt                              
00011208  encodeData4bit                         
00011410  handleREAD_DATA                        
000114fa  __mspabi_cmpd                          
000115d2  rgbLed_drive                           
000116a8  HandleMPetitodbusWriteMultipleRegisters
0001177c  Petit_RxRTU                            
00011846  fillFrameBufferSingleColor             
00011902  __mspabi_mpyf                          
000119ba  softuart_read2                         
00011b22  HandlePetitModbusReadHoldingRegisters  
00011bd2  updateBuzzer                           
00011c7c  Petit_TxRTU                            
00011d1e  pp_SetMaxCurrent                       
00011dba  handleSET_DATA                         
00011e50  CheckPetitModbusBufferComplete         
00011f74  HandlePetitModbusWriteSingleRegister   
00012002  iq_GET_SD24_MEASUREMENT                
0001208e  shiftLed                               
00012118  iq_GET_ADC_MEASUREMENT                 
00012194  __TI_decompress_lzss                   
0001220a  _IQ16toF                               
0001227c  cpTransition                           
000122ee  modbus_getData                         
000123d0  dsp_MovingAvg                          
0001243e  decodeUartFrame                        
000124a8  pp_VoltageLevel                        
00012512  modbus_readHoldingRegister             
0001257a  __mspabi_fixfi                         
00012712  __mspabi_cvtfd                         
000127d8  HAL_PORT_MAPPING                       
00012836  modbus_Process                         
00012894  dsp_resetMvnAvgParams                  
000128f0  updateMotorInput                       
00012948  I2C_Master_ReadReg                     
0001299e  __TI_auto_init_nobinit_nopinit_hold_wdt
000129f2  checkCableStatus                       
00012a44  rgbLed_setRed                          
00012ae6  responseData2UartFrame                 
00012b84  Petit_CRC16                            
00012bd2  responseData2UartFrame2                
00012c20  __mspabi_cmpf                          
00012cf8  __mspabi_fixfu                         
00012d3e  CopyArray                              
00012dc6  handleCharging                         
00012e08  updateTime                             
00012e4a  sendBufferDma                          
00012e8a  cpTransition_B2                        
00012f06  __mspabi_sral_15                       
00012f0a  __mspabi_sral_14                       
00012f0e  __mspabi_sral_13                       
00012f12  __mspabi_sral_12                       
00012f16  __mspabi_sral_11                       
00012f1a  __mspabi_sral_10                       
00012f1e  __mspabi_sral_9                        
00012f22  __mspabi_sral_8                        
00012f26  __mspabi_sral_7                        
00012f2a  __mspabi_sral_6                        
00012f2e  __mspabi_sral_5                        
00012f32  __mspabi_sral_4                        
00012f36  __mspabi_sral_3                        
00012f3a  __mspabi_sral_2                        
00012f3e  __mspabi_sral_1                        
00012f44  __mspabi_srll_15                       
00012f48  __mspabi_srll_14                       
00012f4c  __mspabi_srll_13                       
00012f50  __mspabi_srll_12                       
00012f54  __mspabi_srll_11                       
00012f58  __mspabi_srll_10                       
00012f5c  __mspabi_srll_9                        
00012f60  __mspabi_srll_8                        
00012f64  __mspabi_srll_7                        
00012f68  __mspabi_srll_6                        
00012f6c  __mspabi_srll_5                        
00012f70  __mspabi_srll_4                        
00012f74  __mspabi_srll_3                        
00012f78  __mspabi_srll_2                        
00012f7c  __mspabi_srll_1                        
00012f82  PetitModBus_UART_String                
00012fbe  cpTransition_B1                        
00012ffa  runFSM                                 
00013036  __mspabi_srlll                         
00013070  softuart_write                         
000130aa  _IQ16mpy                               
00013118  processActuator                        
0001314e  rgbLed_assign                          
00013182  HAL_INIT_I2C                           
000131b4  initAcEvseLimits                       
000131e6  initEVSE_Status                        
00013218  rgbLed_blankLed                        
0001324a  rgbLed_setBlue                         
0001327c  rgbLed_setPurple                       
000132ae  rgbLed_setSiemensGreen                 
000132e0  PwmStartStop                           
00013340  cpTransition_A2                        
0001339e  cpTransition_A1                        
000133cc  cpTransition_C2                        
000133fa  handleUartFrame                        
00013428  HAL_INIT_UART                          
000134ac  relayCtrl                              
00013502  HAL_PWM_INIT_TA3                       
0001352a  HandlePetitModbusError                 
000135a0  ReceiveInterrupt                       
00013634  __TI_zero_init                         
00013658  pp_Handle                              
0001367c  softuart_getc                          
000136e6  configSPI                              
00013706  cpTransition_C1                        
00013744  calculateEnergyUsage                   
00013762  isSockedLocked                         
0001379a  readMotorInput                         
000137b6  softuart_putc                          
000137d2  HAL_INIT_XINT                          
000137ec  Petit_CheckRxTimeout                   
00013804  __mspabi_mpyi_f5hw                     
0001381c  HAL_SET_PWMDUTY_PWM3                   
00013832  InitPetitModbus                        
00013848  PetitSendMessage                       
0001385e  memset                                 
00013874  __mspabi_divu                          
00013874  __mspabi_remu                          
0001388a  HAL_TIMER_INIT_TA1                     
0001389e  HAL_TIMER_INIT_TA2                     
000138b2  Petit_DoSlaveTX                        
000138da  memcpy                                 
000138ee  Petit_RxDataAvailable                  
00013900  __TI_decompress_none                   
00013912  HAL_GPIO_ACTUATOR_INIT                 
00013920  HAL_GPIO_INIT_LEDGREEN                 
0001392e  HAL_GPIO_INIT_OUTRELAY1                
00013958  rgbLed_init                            
00013966  HAL_GPIO_INIT_ACT_IN1                  
00013970  HAL_GPIO_INIT_ACT_IN2                  
0001397a  HAL_GPIO_INIT_BUZZER                   
00013984  HAL_GPIO_INIT_L1RELAY                  
0001398e  HAL_GPIO_INIT_L3RELAY                  
00013998  HAL_GPIO_INIT_LEDRED                   
000139a2  PetitModBus_UART_Putch                 
000139ac  brakeMotor                             
000139b6  checkandHandleLimits                   
000139c0  forwardMotor                           
000139ca  reverseMotor                           
000139d4  stopMotor                              
000139de  HAL_START_PWM3                         
000139e6  HAL_STOP_PWM3                          
000139ee  HAL_GPIO_INIT_MOTOR_IN                 
000139f4  PetitModBus_TimerValues                
000139fa  PetitModBus_UART_Initialise            
00013a12  C$$EXIT                                
00013a12  abort                                  
00013a18  _system_pre_init                       
00013a1c  PetitModBus_TIMER_Initialise           
00013a1e  Port_Mapping                           
00013a20  _system_post_cinit                     
00013a22  configClock                            
ffffffff  __TI_pprof_out_hndl                    
ffffffff  __TI_prof_data_size                    
ffffffff  __TI_prof_data_start                   
ffffffff  __c_args__                             

[1336 symbols]
