<?xml version="1.0" encoding="ISO-8859-1" ?>
<link_info>
   <banner>MSP430 Linker PC v21.6.1.LTS</banner>
   <copyright>Copyright (c) 2003-2018 Texas Instruments Incorporated</copyright>
   <link_time>0x66ffd6f1</link_time>
   <link_errors>0x0</link_errors>
   <output_file>ledBlink.out</output_file>
   <entry_point>
      <name>_c_int00_noargs</name>
      <address>0xc2d4</address>
   </entry_point>
   <input_file_list>
      <input_file id="fl-2">
         <path>.\</path>
         <kind>object</kind>
         <file>main.obj</file>
         <name>main.obj</name>
      </input_file>
      <input_file id="fl-3">
         <path>.\acmeter\</path>
         <kind>object</kind>
         <file>PetitModbus.obj</file>
         <name>PetitModbus.obj</name>
      </input_file>
      <input_file id="fl-4">
         <path>.\acmeter\</path>
         <kind>object</kind>
         <file>PetitModbusPort.obj</file>
         <name>PetitModbusPort.obj</name>
      </input_file>
      <input_file id="fl-5">
         <path>.\acmeter\</path>
         <kind>object</kind>
         <file>PetitRegConstant.obj</file>
         <name>PetitRegConstant.obj</name>
      </input_file>
      <input_file id="fl-6">
         <path>.\communication\</path>
         <kind>object</kind>
         <file>softuart.obj</file>
         <name>softuart.obj</name>
      </input_file>
      <input_file id="fl-7">
         <path>.\ws2812\</path>
         <kind>object</kind>
         <file>ws2812.obj</file>
         <name>ws2812.obj</name>
      </input_file>
      <input_file id="fl-f">
         <kind>object</kind>
         <file>&lt;internal&gt;</file>
         <name>&lt;internal&gt;</name>
      </input_file>
      <input_file id="fl-1a">
         <path>C:\ti\msp430ware_3_80_14_01\iqmathlib\libraries\CCS\MPY32\5xx_6xx\</path>
         <kind>archive</kind>
         <file>IQmathLib_CCS_MPY32_5xx_6xx_CPUX_large_code_restricted_data.lib</file>
         <name>_IQNdiv.o</name>
      </input_file>
      <input_file id="fl-1b">
         <path>C:\ti\msp430ware_3_80_14_01\iqmathlib\libraries\CCS\MPY32\5xx_6xx\</path>
         <kind>archive</kind>
         <file>IQmathLib_CCS_MPY32_5xx_6xx_CPUX_large_code_restricted_data.lib</file>
         <name>_IQNsqrt.o</name>
      </input_file>
      <input_file id="fl-1c">
         <path>C:\ti\msp430ware_3_80_14_01\iqmathlib\libraries\CCS\MPY32\5xx_6xx\</path>
         <kind>archive</kind>
         <file>IQmathLib_CCS_MPY32_5xx_6xx_CPUX_large_code_restricted_data.lib</file>
         <name>_IQNtables.o</name>
      </input_file>
      <input_file id="fl-1d">
         <path>C:\ti\msp430ware_3_80_14_01\iqmathlib\libraries\CCS\MPY32\5xx_6xx\</path>
         <kind>archive</kind>
         <file>IQmathLib_CCS_MPY32_5xx_6xx_CPUX_large_code_restricted_data.lib</file>
         <name>_IQNtoF.o</name>
      </input_file>
      <input_file id="fl-1e">
         <path>C:\ti\msp430ware_3_80_14_01\iqmathlib\libraries\CCS\MPY32\5xx_6xx\</path>
         <kind>archive</kind>
         <file>IQmathLib_CCS_MPY32_5xx_6xx_CPUX_large_code_restricted_data.lib</file>
         <name>__IQNmpy.o</name>
      </input_file>
      <input_file id="fl-34">
         <path>C:\ti\ccs1260\ccs\tools\compiler\ti-cgt-msp430_21.6.1.LTS\lib\</path>
         <kind>archive</kind>
         <file>rts430x_lc_rd_eabi.lib</file>
         <name>div16u.asm.obj</name>
      </input_file>
      <input_file id="fl-35">
         <path>C:\ti\ccs1260\ccs\tools\compiler\ti-cgt-msp430_21.6.1.LTS\lib\</path>
         <kind>archive</kind>
         <file>rts430x_lc_rd_eabi.lib</file>
         <name>fs_cmp.asm.obj</name>
      </input_file>
      <input_file id="fl-36">
         <path>C:\ti\ccs1260\ccs\tools\compiler\ti-cgt-msp430_21.6.1.LTS\lib\</path>
         <kind>archive</kind>
         <file>rts430x_lc_rd_eabi.lib</file>
         <name>fs_mpy.asm.obj</name>
      </input_file>
      <input_file id="fl-37">
         <path>C:\ti\ccs1260\ccs\tools\compiler\ti-cgt-msp430_21.6.1.LTS\lib\</path>
         <kind>archive</kind>
         <file>rts430x_lc_rd_eabi.lib</file>
         <name>fs_toi.asm.obj</name>
      </input_file>
      <input_file id="fl-38">
         <path>C:\ti\ccs1260\ccs\tools\compiler\ti-cgt-msp430_21.6.1.LTS\lib\</path>
         <kind>archive</kind>
         <file>rts430x_lc_rd_eabi.lib</file>
         <name>fs_tou.asm.obj</name>
      </input_file>
      <input_file id="fl-39">
         <path>C:\ti\ccs1260\ccs\tools\compiler\ti-cgt-msp430_21.6.1.LTS\lib\</path>
         <kind>archive</kind>
         <file>rts430x_lc_rd_eabi.lib</file>
         <name>int37.asm.obj</name>
      </input_file>
      <input_file id="fl-3a">
         <path>C:\ti\ccs1260\ccs\tools\compiler\ti-cgt-msp430_21.6.1.LTS\lib\</path>
         <kind>archive</kind>
         <file>rts430x_lc_rd_eabi.lib</file>
         <name>int38.asm.obj</name>
      </input_file>
      <input_file id="fl-3b">
         <path>C:\ti\ccs1260\ccs\tools\compiler\ti-cgt-msp430_21.6.1.LTS\lib\</path>
         <kind>archive</kind>
         <file>rts430x_lc_rd_eabi.lib</file>
         <name>int39.asm.obj</name>
      </input_file>
      <input_file id="fl-3c">
         <path>C:\ti\ccs1260\ccs\tools\compiler\ti-cgt-msp430_21.6.1.LTS\lib\</path>
         <kind>archive</kind>
         <file>rts430x_lc_rd_eabi.lib</file>
         <name>int40.asm.obj</name>
      </input_file>
      <input_file id="fl-3d">
         <path>C:\ti\ccs1260\ccs\tools\compiler\ti-cgt-msp430_21.6.1.LTS\lib\</path>
         <kind>archive</kind>
         <file>rts430x_lc_rd_eabi.lib</file>
         <name>int43.asm.obj</name>
      </input_file>
      <input_file id="fl-3e">
         <path>C:\ti\ccs1260\ccs\tools\compiler\ti-cgt-msp430_21.6.1.LTS\lib\</path>
         <kind>archive</kind>
         <file>rts430x_lc_rd_eabi.lib</file>
         <name>int45.asm.obj</name>
      </input_file>
      <input_file id="fl-3f">
         <path>C:\ti\ccs1260\ccs\tools\compiler\ti-cgt-msp430_21.6.1.LTS\lib\</path>
         <kind>archive</kind>
         <file>rts430x_lc_rd_eabi.lib</file>
         <name>int46.asm.obj</name>
      </input_file>
      <input_file id="fl-40">
         <path>C:\ti\ccs1260\ccs\tools\compiler\ti-cgt-msp430_21.6.1.LTS\lib\</path>
         <kind>archive</kind>
         <file>rts430x_lc_rd_eabi.lib</file>
         <name>int48.asm.obj</name>
      </input_file>
      <input_file id="fl-41">
         <path>C:\ti\ccs1260\ccs\tools\compiler\ti-cgt-msp430_21.6.1.LTS\lib\</path>
         <kind>archive</kind>
         <file>rts430x_lc_rd_eabi.lib</file>
         <name>int51.asm.obj</name>
      </input_file>
      <input_file id="fl-42">
         <path>C:\ti\ccs1260\ccs\tools\compiler\ti-cgt-msp430_21.6.1.LTS\lib\</path>
         <kind>archive</kind>
         <file>rts430x_lc_rd_eabi.lib</file>
         <name>int52.asm.obj</name>
      </input_file>
      <input_file id="fl-43">
         <path>C:\ti\ccs1260\ccs\tools\compiler\ti-cgt-msp430_21.6.1.LTS\lib\</path>
         <kind>archive</kind>
         <file>rts430x_lc_rd_eabi.lib</file>
         <name>int53.asm.obj</name>
      </input_file>
      <input_file id="fl-44">
         <path>C:\ti\ccs1260\ccs\tools\compiler\ti-cgt-msp430_21.6.1.LTS\lib\</path>
         <kind>archive</kind>
         <file>rts430x_lc_rd_eabi.lib</file>
         <name>int54.asm.obj</name>
      </input_file>
      <input_file id="fl-45">
         <path>C:\ti\ccs1260\ccs\tools\compiler\ti-cgt-msp430_21.6.1.LTS\lib\</path>
         <kind>archive</kind>
         <file>rts430x_lc_rd_eabi.lib</file>
         <name>int55.asm.obj</name>
      </input_file>
      <input_file id="fl-46">
         <path>C:\ti\ccs1260\ccs\tools\compiler\ti-cgt-msp430_21.6.1.LTS\lib\</path>
         <kind>archive</kind>
         <file>rts430x_lc_rd_eabi.lib</file>
         <name>int57.asm.obj</name>
      </input_file>
      <input_file id="fl-47">
         <path>C:\ti\ccs1260\ccs\tools\compiler\ti-cgt-msp430_21.6.1.LTS\lib\</path>
         <kind>archive</kind>
         <file>rts430x_lc_rd_eabi.lib</file>
         <name>int60.asm.obj</name>
      </input_file>
      <input_file id="fl-48">
         <path>C:\ti\ccs1260\ccs\tools\compiler\ti-cgt-msp430_21.6.1.LTS\lib\</path>
         <kind>archive</kind>
         <file>rts430x_lc_rd_eabi.lib</file>
         <name>int61.asm.obj</name>
      </input_file>
      <input_file id="fl-49">
         <path>C:\ti\ccs1260\ccs\tools\compiler\ti-cgt-msp430_21.6.1.LTS\lib\</path>
         <kind>archive</kind>
         <file>rts430x_lc_rd_eabi.lib</file>
         <name>int62.asm.obj</name>
      </input_file>
      <input_file id="fl-4a">
         <path>C:\ti\ccs1260\ccs\tools\compiler\ti-cgt-msp430_21.6.1.LTS\lib\</path>
         <kind>archive</kind>
         <file>rts430x_lc_rd_eabi.lib</file>
         <name>isr_trap.asm.obj</name>
      </input_file>
      <input_file id="fl-4b">
         <path>C:\ti\ccs1260\ccs\tools\compiler\ti-cgt-msp430_21.6.1.LTS\lib\</path>
         <kind>archive</kind>
         <file>rts430x_lc_rd_eabi.lib</file>
         <name>lsr32.asm.obj</name>
      </input_file>
      <input_file id="fl-4c">
         <path>C:\ti\ccs1260\ccs\tools\compiler\ti-cgt-msp430_21.6.1.LTS\lib\</path>
         <kind>archive</kind>
         <file>rts430x_lc_rd_eabi.lib</file>
         <name>mult16.asm.obj</name>
      </input_file>
      <input_file id="fl-4d">
         <path>C:\ti\ccs1260\ccs\tools\compiler\ti-cgt-msp430_21.6.1.LTS\lib\</path>
         <kind>archive</kind>
         <file>rts430x_lc_rd_eabi.lib</file>
         <name>mult16_f5hw.asm.obj</name>
      </input_file>
      <input_file id="fl-4e">
         <path>C:\ti\ccs1260\ccs\tools\compiler\ti-cgt-msp430_21.6.1.LTS\lib\</path>
         <kind>archive</kind>
         <file>rts430x_lc_rd_eabi.lib</file>
         <name>mult1632_f5hw.asm.obj</name>
      </input_file>
      <input_file id="fl-4f">
         <path>C:\ti\ccs1260\ccs\tools\compiler\ti-cgt-msp430_21.6.1.LTS\lib\</path>
         <kind>archive</kind>
         <file>rts430x_lc_rd_eabi.lib</file>
         <name>mult32_f5hw.asm.obj</name>
      </input_file>
      <input_file id="fl-50">
         <path>C:\ti\ccs1260\ccs\tools\compiler\ti-cgt-msp430_21.6.1.LTS\lib\</path>
         <kind>archive</kind>
         <file>rts430x_lc_rd_eabi.lib</file>
         <name>mult3264_f5hw.asm.obj</name>
      </input_file>
      <input_file id="fl-51">
         <path>C:\ti\ccs1260\ccs\tools\compiler\ti-cgt-msp430_21.6.1.LTS\lib\</path>
         <kind>archive</kind>
         <file>rts430x_lc_rd_eabi.lib</file>
         <name>mult64_f5hw.asm.obj</name>
      </input_file>
      <input_file id="fl-52">
         <path>C:\ti\ccs1260\ccs\tools\compiler\ti-cgt-msp430_21.6.1.LTS\lib\</path>
         <kind>archive</kind>
         <file>rts430x_lc_rd_eabi.lib</file>
         <name>boot.c.obj</name>
      </input_file>
      <input_file id="fl-53">
         <path>C:\ti\ccs1260\ccs\tools\compiler\ti-cgt-msp430_21.6.1.LTS\lib\</path>
         <kind>archive</kind>
         <file>rts430x_lc_rd_eabi.lib</file>
         <name>autoinit.c.obj</name>
      </input_file>
      <input_file id="fl-54">
         <path>C:\ti\ccs1260\ccs\tools\compiler\ti-cgt-msp430_21.6.1.LTS\lib\</path>
         <kind>archive</kind>
         <file>rts430x_lc_rd_eabi.lib</file>
         <name>copy_zero_init.c.obj</name>
      </input_file>
      <input_file id="fl-55">
         <path>C:\ti\ccs1260\ccs\tools\compiler\ti-cgt-msp430_21.6.1.LTS\lib\</path>
         <kind>archive</kind>
         <file>rts430x_lc_rd_eabi.lib</file>
         <name>cpy_tbl.c.obj</name>
      </input_file>
      <input_file id="fl-56">
         <path>C:\ti\ccs1260\ccs\tools\compiler\ti-cgt-msp430_21.6.1.LTS\lib\</path>
         <kind>archive</kind>
         <file>rts430x_lc_rd_eabi.lib</file>
         <name>mpu_init.c.obj</name>
      </input_file>
      <input_file id="fl-57">
         <path>C:\ti\ccs1260\ccs\tools\compiler\ti-cgt-msp430_21.6.1.LTS\lib\</path>
         <kind>archive</kind>
         <file>rts430x_lc_rd_eabi.lib</file>
         <name>lsr64.c.obj</name>
      </input_file>
      <input_file id="fl-58">
         <path>C:\ti\ccs1260\ccs\tools\compiler\ti-cgt-msp430_21.6.1.LTS\lib\</path>
         <kind>archive</kind>
         <file>rts430x_lc_rd_eabi.lib</file>
         <name>pre_init.c.obj</name>
      </input_file>
      <input_file id="fl-59">
         <path>C:\ti\ccs1260\ccs\tools\compiler\ti-cgt-msp430_21.6.1.LTS\lib\</path>
         <kind>archive</kind>
         <file>rts430x_lc_rd_eabi.lib</file>
         <name>startup.c.obj</name>
      </input_file>
      <input_file id="fl-5a">
         <path>C:\ti\ccs1260\ccs\tools\compiler\ti-cgt-msp430_21.6.1.LTS\lib\</path>
         <kind>archive</kind>
         <file>rts430x_lc_rd_eabi.lib</file>
         <name>copy_decompress_none.c.obj</name>
      </input_file>
      <input_file id="fl-5b">
         <path>C:\ti\ccs1260\ccs\tools\compiler\ti-cgt-msp430_21.6.1.LTS\lib\</path>
         <kind>archive</kind>
         <file>rts430x_lc_rd_eabi.lib</file>
         <name>copy_decompress_lzss.c.obj</name>
      </input_file>
      <input_file id="fl-5c">
         <path>C:\ti\ccs1260\ccs\tools\compiler\ti-cgt-msp430_21.6.1.LTS\lib\</path>
         <kind>archive</kind>
         <file>rts430x_lc_rd_eabi.lib</file>
         <name>cmpd.c.obj</name>
      </input_file>
      <input_file id="fl-5d">
         <path>C:\ti\ccs1260\ccs\tools\compiler\ti-cgt-msp430_21.6.1.LTS\lib\</path>
         <kind>archive</kind>
         <file>rts430x_lc_rd_eabi.lib</file>
         <name>cvtfd.c.obj</name>
      </input_file>
      <input_file id="fl-5e">
         <path>C:\ti\ccs1260\ccs\tools\compiler\ti-cgt-msp430_21.6.1.LTS\lib\</path>
         <kind>archive</kind>
         <file>rts430x_lc_rd_eabi.lib</file>
         <name>exit.c.obj</name>
      </input_file>
      <input_file id="fl-5f">
         <path>C:\ti\ccs1260\ccs\tools\compiler\ti-cgt-msp430_21.6.1.LTS\lib\</path>
         <kind>archive</kind>
         <file>rts430x_lc_rd_eabi.lib</file>
         <name>_lock.c.obj</name>
      </input_file>
      <input_file id="fl-60">
         <path>C:\ti\ccs1260\ccs\tools\compiler\ti-cgt-msp430_21.6.1.LTS\lib\</path>
         <kind>archive</kind>
         <file>rts430x_lc_rd_eabi.lib</file>
         <name>args_main.c.obj</name>
      </input_file>
      <input_file id="fl-61">
         <path>C:\ti\ccs1260\ccs\tools\compiler\ti-cgt-msp430_21.6.1.LTS\lib\</path>
         <kind>archive</kind>
         <file>rts430x_lc_rd_eabi.lib</file>
         <name>memcpy.c.obj</name>
      </input_file>
      <input_file id="fl-62">
         <path>C:\ti\ccs1260\ccs\tools\compiler\ti-cgt-msp430_21.6.1.LTS\lib\</path>
         <kind>archive</kind>
         <file>rts430x_lc_rd_eabi.lib</file>
         <name>memset.c.obj</name>
      </input_file>
      <input_file id="fl-63">
         <path>C:\ti\ccs1260\ccs\tools\compiler\ti-cgt-msp430_21.6.1.LTS\lib\</path>
         <kind>archive</kind>
         <file>rts430x_lc_rd_eabi.lib</file>
         <name>asr32.asm.obj</name>
      </input_file>
      <input_file id="fl-64">
         <path>C:\ti\ccs1260\ccs\tools\compiler\ti-cgt-msp430_21.6.1.LTS\lib\</path>
         <kind>archive</kind>
         <file>rts430x_lc_rd_eabi.lib</file>
         <name>exit_gvars.c.obj</name>
      </input_file>
   </input_file_list>
   <object_component_list>
      <object_component id="oc-a7b">
         <name>.bss:uf$1</name>
         <uninitialized>true</uninitialized>
         <run_address>0x272a</run_address>
         <size>0xa</size>
         <input_file_ref idref="fl-2"/>
      </object_component>
      <object_component id="oc-7da">
         <name>.common:pwmStatus</name>
         <uninitialized>true</uninitialized>
         <run_address>0x2796</run_address>
         <size>0x2</size>
      </object_component>
      <object_component id="oc-5e4">
         <name>.common:qemeter</name>
         <uninitialized>true</uninitialized>
         <run_address>0x25c0</run_address>
         <size>0x30</size>
      </object_component>
      <object_component id="oc-5e3">
         <name>.common:voltageBuffer</name>
         <uninitialized>true</uninitialized>
         <run_address>0x1c00</run_address>
         <size>0x640</size>
      </object_component>
      <object_component id="oc-86d">
         <name>.common:colorIdx</name>
         <uninitialized>true</uninitialized>
         <run_address>0x278f</run_address>
         <size>0x1</size>
      </object_component>
      <object_component id="oc-85c">
         <name>.common:led</name>
         <uninitialized>true</uninitialized>
         <run_address>0x278c</run_address>
         <size>0x3</size>
      </object_component>
      <object_component id="oc-556">
         <name>.common:rgbledObj</name>
         <uninitialized>true</uninitialized>
         <run_address>0x2770</run_address>
         <size>0x6</size>
      </object_component>
      <object_component id="oc-57e">
         <name>.common:rgbledObjOld</name>
         <uninitialized>true</uninitialized>
         <run_address>0x2776</run_address>
         <size>0x6</size>
      </object_component>
      <object_component id="oc-804">
         <name>.common:states</name>
         <uninitialized>true</uninitialized>
         <run_address>0x255c</run_address>
         <size>0x64</size>
      </object_component>
      <object_component id="oc-80a">
         <name>.common:commands</name>
         <uninitialized>true</uninitialized>
         <run_address>0x24f8</run_address>
         <size>0x64</size>
      </object_component>
      <object_component id="oc-b36">
         <name>.common:TXRegister</name>
         <uninitialized>true</uninitialized>
         <run_address>0x2792</run_address>
         <size>0x2</size>
      </object_component>
      <object_component id="oc-754">
         <name>.common:RXRegister</name>
         <uninitialized>true</uninitialized>
         <run_address>0x2790</run_address>
         <size>0x2</size>
      </object_component>
      <object_component id="oc-611">
         <name>.common:comm</name>
         <uninitialized>true</uninitialized>
         <run_address>0x2706</run_address>
         <size>0x12</size>
      </object_component>
      <object_component id="oc-7d3">
         <name>.common:ppLevel</name>
         <uninitialized>true</uninitialized>
         <run_address>0x235c</run_address>
         <size>0x114</size>
      </object_component>
      <object_component id="oc-594">
         <name>.common:time</name>
         <uninitialized>true</uninitialized>
         <run_address>0x277c</run_address>
         <size>0x6</size>
      </object_component>
      <object_component id="oc-768">
         <name>.common:cpLevel</name>
         <uninitialized>true</uninitialized>
         <run_address>0x2240</run_address>
         <size>0x11c</size>
      </object_component>
      <object_component id="oc-577">
         <name>.common:vngEvse</name>
         <uninitialized>true</uninitialized>
         <run_address>0x273e</run_address>
         <size>0xa</size>
      </object_component>
      <object_component id="oc-5f4">
         <name>.common:FSM</name>
         <uninitialized>true</uninitialized>
         <run_address>0x2734</run_address>
         <size>0xa</size>
      </object_component>
      <object_component id="oc-761">
         <name>.common:acevse</name>
         <uninitialized>true</uninitialized>
         <run_address>0x2788</run_address>
         <size>0x4</size>
      </object_component>
      <object_component id="oc-b45">
         <name>.common:UART_OBJ</name>
         <uninitialized>true</uninitialized>
         <run_address>0x2470</run_address>
         <size>0x88</size>
      </object_component>
      <object_component id="oc-5c9">
         <name>.common:acMeterControl</name>
         <uninitialized>true</uninitialized>
         <run_address>0x2748</run_address>
         <size>0x8</size>
      </object_component>
      <object_component id="oc-588">
         <name>.common:acMeterData</name>
         <uninitialized>true</uninitialized>
         <run_address>0x2750</run_address>
         <size>0x8</size>
      </object_component>
      <object_component id="oc-5b2">
         <name>.common:uart3</name>
         <uninitialized>true</uninitialized>
         <run_address>0x25f0</run_address>
         <size>0x2e</size>
      </object_component>
      <object_component id="oc-74c">
         <name>.common:ZCSTAT</name>
         <uninitialized>true</uninitialized>
         <run_address>0x2794</run_address>
         <size>0x2</size>
      </object_component>
      <object_component id="oc-5ed">
         <name>.common:meter</name>
         <uninitialized>true</uninitialized>
         <run_address>0x2758</run_address>
         <size>0x8</size>
      </object_component>
      <object_component id="oc-7e1">
         <name>.common:meterF</name>
         <uninitialized>true</uninitialized>
         <run_address>0x2760</run_address>
         <size>0x8</size>
      </object_component>
      <object_component id="oc-5d3">
         <name>.common:ChResults</name>
         <uninitialized>true</uninitialized>
         <run_address>0x26a2</run_address>
         <size>0x1c</size>
      </object_component>
      <object_component id="oc-5df">
         <name>.common:zc</name>
         <uninitialized>true</uninitialized>
         <run_address>0x2782</run_address>
         <size>0x6</size>
      </object_component>
      <object_component id="oc-76f">
         <name>.common:limits</name>
         <uninitialized>true</uninitialized>
         <run_address>0x2718</run_address>
         <size>0x12</size>
      </object_component>
      <object_component id="oc-5e5">
         <name>.common:qVrms</name>
         <uninitialized>true</uninitialized>
         <run_address>0x2642</run_address>
         <size>0x24</size>
      </object_component>
      <object_component id="oc-5e6">
         <name>.common:qIrms</name>
         <uninitialized>true</uninitialized>
         <run_address>0x261e</run_address>
         <size>0x24</size>
      </object_component>
      <object_component id="oc-5aa">
         <name>.common:rly</name>
         <uninitialized>true</uninitialized>
         <run_address>0x2768</run_address>
         <size>0x8</size>
      </object_component>
      <object_component id="oc-a33">
         <name>.common:Petit_Tx_Data</name>
         <uninitialized>true</uninitialized>
         <run_address>0x2684</run_address>
         <size>0x1e</size>
      </object_component>
      <object_component id="oc-5b3">
         <name>.common:Petit_Tx_Buf</name>
         <uninitialized>true</uninitialized>
         <run_address>0x26d8</run_address>
         <size>0x1a</size>
      </object_component>
      <object_component id="oc-919">
         <name>.common:Petit_Rx_Data</name>
         <uninitialized>true</uninitialized>
         <run_address>0x2666</run_address>
         <size>0x1e</size>
      </object_component>
      <object_component id="oc-897">
         <name>.common:PetitReceiveBuffer</name>
         <uninitialized>true</uninitialized>
         <run_address>0x26be</run_address>
         <size>0x1a</size>
      </object_component>
      <object_component id="oc-a34">
         <name>.common:PetitRegisters</name>
         <uninitialized>true</uninitialized>
         <run_address>0x26f2</run_address>
         <size>0x14</size>
      </object_component>
      <object_component id="oc-757">
         <name>.common:hasReceived</name>
         <uninitialized>true</uninitialized>
         <run_address>0x2798</run_address>
         <size>0x1</size>
      </object_component>
      <object_component id="oc-5e0">
         <name>.data:emeter</name>
         <load_address>0x2b46</load_address>
         <run_address>0x2b46</run_address>
         <size>0x30</size>
         <input_file_ref idref="fl-2"/>
      </object_component>
      <object_component id="oc-559">
         <name>.data</name>
         <load_address>0x2aea</load_address>
         <run_address>0x2aea</run_address>
         <size>0x5c</size>
         <input_file_ref idref="fl-2"/>
      </object_component>
      <object_component id="oc-652">
         <name>.data:SlaveType1</name>
         <load_address>0x2bdc</load_address>
         <run_address>0x2bdc</run_address>
         <size>0x2</size>
         <input_file_ref idref="fl-2"/>
      </object_component>
      <object_component id="oc-64f">
         <name>.data:ReceiveBuffer</name>
         <load_address>0x2b9e</load_address>
         <run_address>0x2b9e</run_address>
         <size>0x14</size>
         <input_file_ref idref="fl-2"/>
      </object_component>
      <object_component id="oc-750">
         <name>.data:TransmitBuffer</name>
         <load_address>0x2bb2</load_address>
         <run_address>0x2bb2</run_address>
         <size>0x14</size>
         <input_file_ref idref="fl-2"/>
      </object_component>
      <object_component id="oc-9bc">
         <name>.data:blankLed</name>
         <load_address>0x2bd8</load_address>
         <run_address>0x2bd8</run_address>
         <size>0x3</size>
         <input_file_ref idref="fl-2"/>
      </object_component>
      <object_component id="oc-85d">
         <name>.data:frameBuffer</name>
         <load_address>0x279a</load_address>
         <run_address>0x279a</run_address>
         <size>0x21c</size>
         <input_file_ref idref="fl-2"/>
      </object_component>
      <object_component id="oc-86e">
         <name>.data:leds</name>
         <load_address>0x29b6</load_address>
         <run_address>0x29b6</run_address>
         <size>0xb4</size>
         <input_file_ref idref="fl-2"/>
      </object_component>
      <object_component id="oc-78e">
         <name>.data:ADC_Result</name>
         <load_address>0x2a6a</load_address>
         <run_address>0x2a6a</run_address>
         <size>0x80</size>
         <input_file_ref idref="fl-2"/>
      </object_component>
      <object_component id="oc-7b0">
         <name>.data:dataBuf</name>
         <load_address>0x2b76</load_address>
         <run_address>0x2b76</run_address>
         <size>0x28</size>
         <input_file_ref idref="fl-2"/>
      </object_component>
      <object_component id="oc-72a">
         <name>.data</name>
         <load_address>0x2bc6</load_address>
         <run_address>0x2bc6</run_address>
         <size>0x12</size>
         <input_file_ref idref="fl-3"/>
      </object_component>
      <object_component id="oc-894">
         <name>.data</name>
         <load_address>0x2bdb</load_address>
         <run_address>0x2bdb</run_address>
         <size>0x1</size>
         <input_file_ref idref="fl-4"/>
      </object_component>
      <object_component id="oc-8ac">
         <name>.data</name>
         <load_address>0x2bde</load_address>
         <run_address>0x2bde</run_address>
         <size>0x1</size>
         <input_file_ref idref="fl-6"/>
      </object_component>
      <object_component id="oc-4a9">
         <name>.stack</name>
         <uninitialized>true</uninitialized>
         <run_address>0x5b60</run_address>
         <size>0x4</size>
         <input_file_ref idref="fl-52"/>
      </object_component>
      <object_component id="oc-c06">
         <name>.stack</name>
         <uninitialized>true</uninitialized>
         <run_address>0x5b60</run_address>
         <size>0x0</size>
      </object_component>
      <object_component id="oc-624">
         <name>.text:main</name>
         <load_address>0x10000</load_address>
         <run_address>0x10000</run_address>
         <size>0x38e</size>
         <input_file_ref idref="fl-2"/>
      </object_component>
      <object_component id="oc-5d4">
         <name>.text:mLib_getSigmaDeltaDVoltages</name>
         <load_address>0x1038e</load_address>
         <run_address>0x1038e</run_address>
         <size>0x2d8</size>
         <input_file_ref idref="fl-2"/>
      </object_component>
      <object_component id="oc-7a9">
         <name>.text:_IQ16div</name>
         <load_address>0x10666</load_address>
         <run_address>0x10666</run_address>
         <size>0x1d4</size>
         <input_file_ref idref="fl-1a"/>
      </object_component>
      <object_component id="oc-797">
         <name>.text:mLib_getAdcVoltages</name>
         <load_address>0x1083a</load_address>
         <run_address>0x1083a</run_address>
         <size>0x1b2</size>
         <input_file_ref idref="fl-2"/>
      </object_component>
      <object_component id="oc-9c2">
         <name>.text:encodeData3bit</name>
         <load_address>0x109ec</load_address>
         <run_address>0x109ec</run_address>
         <size>0x19e</size>
         <input_file_ref idref="fl-7"/>
      </object_component>
      <object_component id="oc-95b">
         <name>.text:cpVoltageLevel</name>
         <load_address>0x10b8a</load_address>
         <run_address>0x10b8a</run_address>
         <size>0x18e</size>
         <input_file_ref idref="fl-2"/>
      </object_component>
      <object_component id="oc-5e7">
         <name>.text:measurements_calculatePower</name>
         <load_address>0x10d18</load_address>
         <run_address>0x10d18</run_address>
         <size>0x152</size>
         <input_file_ref idref="fl-2"/>
      </object_component>
      <object_component id="oc-963">
         <name>.text:runCharger</name>
         <load_address>0x10e6a</load_address>
         <run_address>0x10e6a</run_address>
         <size>0x140</size>
         <input_file_ref idref="fl-2"/>
      </object_component>
      <object_component id="oc-8a6">
         <name>.text:_IQ16sqrt</name>
         <load_address>0x10faa</load_address>
         <run_address>0x10faa</run_address>
         <size>0x13c</size>
         <input_file_ref idref="fl-1b"/>
      </object_component>
      <object_component id="oc-7c7">
         <name>.text:cp_VoltageLevel</name>
         <load_address>0x110e6</load_address>
         <run_address>0x110e6</run_address>
         <size>0x122</size>
         <input_file_ref idref="fl-2"/>
      </object_component>
      <object_component id="oc-9c8">
         <name>.text:encodeData4bit</name>
         <load_address>0x11208</load_address>
         <run_address>0x11208</run_address>
         <size>0x104</size>
         <input_file_ref idref="fl-7"/>
      </object_component>
      <object_component id="oc-5fd">
         <name>.text:mlib_getSigmaDeltaValues</name>
         <load_address>0x1130c</load_address>
         <run_address>0x1130c</run_address>
         <size>0x104</size>
         <input_file_ref idref="fl-2"/>
      </object_component>
      <object_component id="oc-b2f">
         <name>.text:handleREAD_DATA</name>
         <load_address>0x11410</load_address>
         <run_address>0x11410</run_address>
         <size>0xea</size>
         <input_file_ref idref="fl-2"/>
      </object_component>
      <object_component id="oc-7a3">
         <name>.text:__mspabi_cmpd</name>
         <load_address>0x114fa</load_address>
         <run_address>0x114fa</run_address>
         <size>0xd8</size>
         <input_file_ref idref="fl-5c"/>
      </object_component>
      <object_component id="oc-57f">
         <name>.text:rgbLed_drive</name>
         <load_address>0x115d2</load_address>
         <run_address>0x115d2</run_address>
         <size>0xd6</size>
         <input_file_ref idref="fl-2"/>
      </object_component>
      <object_component id="oc-926">
         <name>.text:HandleMPetitodbusWriteMultipleRegisters</name>
         <load_address>0x116a8</load_address>
         <run_address>0x116a8</run_address>
         <size>0xd4</size>
         <input_file_ref idref="fl-3"/>
      </object_component>
      <object_component id="oc-90d">
         <name>.text:Petit_RxRTU</name>
         <load_address>0x1177c</load_address>
         <run_address>0x1177c</run_address>
         <size>0xca</size>
         <input_file_ref idref="fl-3"/>
      </object_component>
      <object_component id="oc-860">
         <name>.text:fillFrameBufferSingleColor</name>
         <load_address>0x11846</load_address>
         <run_address>0x11846</run_address>
         <size>0xbc</size>
         <input_file_ref idref="fl-7"/>
      </object_component>
      <object_component id="oc-7fa">
         <name>.text</name>
         <load_address>0x11902</load_address>
         <run_address>0x11902</run_address>
         <size>0xb8</size>
         <input_file_ref idref="fl-36"/>
      </object_component>
      <object_component id="oc-758">
         <name>.text:softuart_read2</name>
         <load_address>0x119ba</load_address>
         <run_address>0x119ba</run_address>
         <size>0xb6</size>
         <input_file_ref idref="fl-6"/>
      </object_component>
      <object_component id="oc-744">
         <name>.text:dsp_CalculateActiveRms</name>
         <load_address>0x11a70</load_address>
         <run_address>0x11a70</run_address>
         <size>0xb2</size>
         <input_file_ref idref="fl-2"/>
      </object_component>
      <object_component id="oc-91a">
         <name>.text:HandlePetitModbusReadHoldingRegisters</name>
         <load_address>0x11b22</load_address>
         <run_address>0x11b22</run_address>
         <size>0xb0</size>
         <input_file_ref idref="fl-3"/>
      </object_component>
      <object_component id="oc-5f1">
         <name>.text:updateBuzzer</name>
         <load_address>0x11bd2</load_address>
         <run_address>0x11bd2</run_address>
         <size>0xaa</size>
         <input_file_ref idref="fl-2"/>
      </object_component>
      <object_component id="oc-b19">
         <name>.text:Petit_TxRTU</name>
         <load_address>0x11c7c</load_address>
         <run_address>0x11c7c</run_address>
         <size>0xa2</size>
         <input_file_ref idref="fl-3"/>
      </object_component>
      <object_component id="oc-957">
         <name>.text:pp_SetMaxCurrent</name>
         <load_address>0x11d1e</load_address>
         <run_address>0x11d1e</run_address>
         <size>0x9c</size>
         <input_file_ref idref="fl-2"/>
      </object_component>
      <object_component id="oc-b29">
         <name>.text:handleSET_DATA</name>
         <load_address>0x11dba</load_address>
         <run_address>0x11dba</run_address>
         <size>0x96</size>
         <input_file_ref idref="fl-2"/>
      </object_component>
      <object_component id="oc-a1f">
         <name>.text:CheckPetitModbusBufferComplete</name>
         <load_address>0x11e50</load_address>
         <run_address>0x11e50</run_address>
         <size>0x94</size>
         <input_file_ref idref="fl-3"/>
      </object_component>
      <object_component id="oc-60a">
         <name>.text:I2C_LM75_TX_ISR</name>
         <load_address>0x11ee4</load_address>
         <run_address>0x11ee4</run_address>
         <size>0x90</size>
         <input_file_ref idref="fl-2"/>
      </object_component>
      <object_component id="oc-920">
         <name>.text:HandlePetitModbusWriteSingleRegister</name>
         <load_address>0x11f74</load_address>
         <run_address>0x11f74</run_address>
         <size>0x8e</size>
         <input_file_ref idref="fl-3"/>
      </object_component>
      <object_component id="oc-739">
         <name>.text:iq_GET_SD24_MEASUREMENT</name>
         <load_address>0x12002</load_address>
         <run_address>0x12002</run_address>
         <size>0x8c</size>
         <input_file_ref idref="fl-2"/>
      </object_component>
      <object_component id="oc-871">
         <name>.text:shiftLed</name>
         <load_address>0x1208e</load_address>
         <run_address>0x1208e</run_address>
         <size>0x8a</size>
         <input_file_ref idref="fl-2"/>
      </object_component>
      <object_component id="oc-8ee">
         <name>.text:iq_GET_ADC_MEASUREMENT</name>
         <load_address>0x12118</load_address>
         <run_address>0x12118</run_address>
         <size>0x7c</size>
         <input_file_ref idref="fl-2"/>
      </object_component>
      <object_component id="oc-71">
         <name>.text:decompress:lzss:__TI_decompress_lzss</name>
         <load_address>0x12194</load_address>
         <run_address>0x12194</run_address>
         <size>0x76</size>
         <input_file_ref idref="fl-5b"/>
      </object_component>
      <object_component id="oc-73f">
         <name>.text:_IQ16toF</name>
         <load_address>0x1220a</load_address>
         <run_address>0x1220a</run_address>
         <size>0x72</size>
         <input_file_ref idref="fl-1d"/>
      </object_component>
      <object_component id="oc-961">
         <name>.text:cpTransition</name>
         <load_address>0x1227c</load_address>
         <run_address>0x1227c</run_address>
         <size>0x72</size>
         <input_file_ref idref="fl-2"/>
      </object_component>
      <object_component id="oc-7b3">
         <name>.text:modbus_getData</name>
         <load_address>0x122ee</load_address>
         <run_address>0x122ee</run_address>
         <size>0x72</size>
         <input_file_ref idref="fl-3"/>
      </object_component>
      <object_component id="oc-8d8">
         <name>.text:SetVCoreUp</name>
         <load_address>0x12360</load_address>
         <run_address>0x12360</run_address>
         <size>0x70</size>
         <input_file_ref idref="fl-2"/>
      </object_component>
      <object_component id="oc-94a">
         <name>.text:dsp_MovingAvg</name>
         <load_address>0x123d0</load_address>
         <run_address>0x123d0</run_address>
         <size>0x6e</size>
         <input_file_ref idref="fl-2"/>
      </object_component>
      <object_component id="oc-a7c">
         <name>.text:decodeUartFrame</name>
         <load_address>0x1243e</load_address>
         <run_address>0x1243e</run_address>
         <size>0x6a</size>
         <input_file_ref idref="fl-2"/>
      </object_component>
      <object_component id="oc-951">
         <name>.text:pp_VoltageLevel</name>
         <load_address>0x124a8</load_address>
         <run_address>0x124a8</run_address>
         <size>0x6a</size>
         <input_file_ref idref="fl-2"/>
      </object_component>
      <object_component id="oc-a46">
         <name>.text:modbus_readHoldingRegister</name>
         <load_address>0x12512</load_address>
         <run_address>0x12512</run_address>
         <size>0x68</size>
         <input_file_ref idref="fl-3"/>
      </object_component>
      <object_component id="oc-805">
         <name>.text</name>
         <load_address>0x1257a</load_address>
         <run_address>0x1257a</run_address>
         <size>0x68</size>
         <input_file_ref idref="fl-37"/>
      </object_component>
      <object_component id="oc-5ee">
         <name>.text:dsp_ZeroCrossDetector</name>
         <load_address>0x125e2</load_address>
         <run_address>0x125e2</run_address>
         <size>0x66</size>
         <input_file_ref idref="fl-2"/>
      </object_component>
      <object_component id="oc-5d0">
         <name>.text:timeoutProcess</name>
         <load_address>0x12648</load_address>
         <run_address>0x12648</run_address>
         <size>0x66</size>
         <input_file_ref idref="fl-2"/>
      </object_component>
      <object_component id="oc-9fc">
         <name>.text:HAL_ADC_INIT2</name>
         <load_address>0x126ae</load_address>
         <run_address>0x126ae</run_address>
         <size>0x64</size>
         <input_file_ref idref="fl-2"/>
      </object_component>
      <object_component id="oc-79d">
         <name>.text:__mspabi_cvtfd</name>
         <load_address>0x12712</load_address>
         <run_address>0x12712</run_address>
         <size>0x64</size>
         <input_file_ref idref="fl-5d"/>
      </object_component>
      <object_component id="oc-b46">
         <name>.text:HAL_UART_initObj</name>
         <load_address>0x12776</load_address>
         <run_address>0x12776</run_address>
         <size>0x62</size>
         <input_file_ref idref="fl-4"/>
      </object_component>
      <object_component id="oc-776">
         <name>.text:HAL_PORT_MAPPING</name>
         <load_address>0x127d8</load_address>
         <run_address>0x127d8</run_address>
         <size>0x5e</size>
         <input_file_ref idref="fl-2"/>
      </object_component>
      <object_component id="oc-7aa">
         <name>.text:modbus_Process</name>
         <load_address>0x12836</load_address>
         <run_address>0x12836</run_address>
         <size>0x5e</size>
         <input_file_ref idref="fl-3"/>
      </object_component>
      <object_component id="oc-769">
         <name>.text:dsp_resetMvnAvgParams</name>
         <load_address>0x12894</load_address>
         <run_address>0x12894</run_address>
         <size>0x5c</size>
         <input_file_ref idref="fl-2"/>
      </object_component>
      <object_component id="oc-5a1">
         <name>.text:updateMotorInput</name>
         <load_address>0x128f0</load_address>
         <run_address>0x128f0</run_address>
         <size>0x58</size>
         <input_file_ref idref="fl-2"/>
      </object_component>
      <object_component id="oc-649">
         <name>.text:I2C_Master_ReadReg</name>
         <load_address>0x12948</load_address>
         <run_address>0x12948</run_address>
         <size>0x56</size>
         <input_file_ref idref="fl-2"/>
      </object_component>
      <object_component id="oc-830">
         <name>.text:__TI_auto_init_nobinit_nopinit_hold_wdt:__TI_auto_init_nobinit_nopinit_hold_wdt</name>
         <load_address>0x1299e</load_address>
         <run_address>0x1299e</run_address>
         <size>0x54</size>
         <input_file_ref idref="fl-53"/>
      </object_component>
      <object_component id="oc-5f5">
         <name>.text:checkCableStatus</name>
         <load_address>0x129f2</load_address>
         <run_address>0x129f2</run_address>
         <size>0x52</size>
         <input_file_ref idref="fl-2"/>
      </object_component>
      <object_component id="oc-6f0">
         <name>.text:rgbLed_setRed</name>
         <load_address>0x12a44</load_address>
         <run_address>0x12a44</run_address>
         <size>0x52</size>
         <input_file_ref idref="fl-2"/>
      </object_component>
      <object_component id="oc-a02">
         <name>.text:HAL_SD24_INIT</name>
         <load_address>0x12a96</load_address>
         <run_address>0x12a96</run_address>
         <size>0x50</size>
         <input_file_ref idref="fl-2"/>
      </object_component>
      <object_component id="oc-b77">
         <name>.text:responseData2UartFrame</name>
         <load_address>0x12ae6</load_address>
         <run_address>0x12ae6</run_address>
         <size>0x50</size>
         <input_file_ref idref="fl-2"/>
      </object_component>
      <object_component id="oc-9ea">
         <name>.text:HAL_CLK_FREQ</name>
         <load_address>0x12b36</load_address>
         <run_address>0x12b36</run_address>
         <size>0x4e</size>
         <input_file_ref idref="fl-2"/>
      </object_component>
      <object_component id="oc-a25">
         <name>.text:Petit_CRC16</name>
         <load_address>0x12b84</load_address>
         <run_address>0x12b84</run_address>
         <size>0x4e</size>
         <input_file_ref idref="fl-3"/>
      </object_component>
      <object_component id="oc-b70">
         <name>.text:responseData2UartFrame2</name>
         <load_address>0x12bd2</load_address>
         <run_address>0x12bd2</run_address>
         <size>0x4e</size>
         <input_file_ref idref="fl-2"/>
      </object_component>
      <object_component id="oc-589">
         <name>.text</name>
         <load_address>0x12c20</load_address>
         <run_address>0x12c20</run_address>
         <size>0x4a</size>
         <input_file_ref idref="fl-35"/>
      </object_component>
      <object_component id="oc-604">
         <name>.text:I2C_LM75_RX_ISR</name>
         <load_address>0x12c6a</load_address>
         <run_address>0x12c6a</run_address>
         <size>0x48</size>
         <input_file_ref idref="fl-2"/>
      </object_component>
      <object_component id="oc-704">
         <name>.text:measurements_calculateEnergy</name>
         <load_address>0x12cb2</load_address>
         <run_address>0x12cb2</run_address>
         <size>0x46</size>
         <input_file_ref idref="fl-2"/>
      </object_component>
      <object_component id="oc-7ff">
         <name>.text</name>
         <load_address>0x12cf8</load_address>
         <run_address>0x12cf8</run_address>
         <size>0x46</size>
         <input_file_ref idref="fl-38"/>
      </object_component>
      <object_component id="oc-655">
         <name>.text:CopyArray</name>
         <load_address>0x12d3e</load_address>
         <run_address>0x12d3e</run_address>
         <size>0x44</size>
         <input_file_ref idref="fl-2"/>
      </object_component>
      <object_component id="oc-ac4">
         <name>.text:HAL_UART_INIT</name>
         <load_address>0x12d82</load_address>
         <run_address>0x12d82</run_address>
         <size>0x44</size>
         <input_file_ref idref="fl-4"/>
      </object_component>
      <object_component id="oc-7e2">
         <name>.text:handleCharging</name>
         <load_address>0x12dc6</load_address>
         <run_address>0x12dc6</run_address>
         <size>0x42</size>
         <input_file_ref idref="fl-2"/>
      </object_component>
      <object_component id="oc-595">
         <name>.text:updateTime</name>
         <load_address>0x12e08</load_address>
         <run_address>0x12e08</run_address>
         <size>0x42</size>
         <input_file_ref idref="fl-2"/>
      </object_component>
      <object_component id="oc-866">
         <name>.text:sendBufferDma</name>
         <load_address>0x12e4a</load_address>
         <run_address>0x12e4a</run_address>
         <size>0x40</size>
         <input_file_ref idref="fl-2"/>
      </object_component>
      <object_component id="oc-a66">
         <name>.text:cpTransition_B2</name>
         <load_address>0x12e8a</load_address>
         <run_address>0x12e8a</run_address>
         <size>0x3e</size>
         <input_file_ref idref="fl-2"/>
      </object_component>
      <object_component id="oc-612">
         <name>.text:handleUartRxISR</name>
         <load_address>0x12ec8</load_address>
         <run_address>0x12ec8</run_address>
         <size>0x3e</size>
         <input_file_ref idref="fl-2"/>
      </object_component>
      <object_component id="oc-8f5">
         <name>.text:l_asr_const</name>
         <load_address>0x12f06</load_address>
         <run_address>0x12f06</run_address>
         <size>0x3e</size>
         <input_file_ref idref="fl-63"/>
      </object_component>
      <object_component id="oc-734">
         <name>.text:l_lsr_const</name>
         <load_address>0x12f44</load_address>
         <run_address>0x12f44</run_address>
         <size>0x3e</size>
         <input_file_ref idref="fl-4b"/>
      </object_component>
      <object_component id="oc-b82">
         <name>.text:PetitModBus_UART_String</name>
         <load_address>0x12f82</load_address>
         <run_address>0x12f82</run_address>
         <size>0x3c</size>
         <input_file_ref idref="fl-4"/>
      </object_component>
      <object_component id="oc-a60">
         <name>.text:cpTransition_B1</name>
         <load_address>0x12fbe</load_address>
         <run_address>0x12fbe</run_address>
         <size>0x3c</size>
         <input_file_ref idref="fl-2"/>
      </object_component>
      <object_component id="oc-7db">
         <name>.text:runFSM</name>
         <load_address>0x12ffa</load_address>
         <run_address>0x12ffa</run_address>
         <size>0x3c</size>
         <input_file_ref idref="fl-2"/>
      </object_component>
      <object_component id="oc-906">
         <name>.text:__mspabi_srlll</name>
         <load_address>0x13036</load_address>
         <run_address>0x13036</run_address>
         <size>0x3a</size>
         <input_file_ref idref="fl-57"/>
      </object_component>
      <object_component id="oc-97f">
         <name>.text:softuart_write</name>
         <load_address>0x13070</load_address>
         <run_address>0x13070</run_address>
         <size>0x3a</size>
         <input_file_ref idref="fl-6"/>
      </object_component>
      <object_component id="oc-74a">
         <name>.text:_IQ16mpy</name>
         <load_address>0x130aa</load_address>
         <run_address>0x130aa</run_address>
         <size>0x38</size>
         <input_file_ref idref="fl-1e"/>
      </object_component>
      <object_component id="oc-5b6">
         <name>.text:acMeterHandleTxISR</name>
         <load_address>0x130e2</load_address>
         <run_address>0x130e2</run_address>
         <size>0x36</size>
         <input_file_ref idref="fl-2"/>
      </object_component>
      <object_component id="oc-70d">
         <name>.text:processActuator</name>
         <load_address>0x13118</load_address>
         <run_address>0x13118</run_address>
         <size>0x36</size>
         <input_file_ref idref="fl-2"/>
      </object_component>
      <object_component id="oc-578">
         <name>.text:rgbLed_assign</name>
         <load_address>0x1314e</load_address>
         <run_address>0x1314e</run_address>
         <size>0x34</size>
         <input_file_ref idref="fl-2"/>
      </object_component>
      <object_component id="oc-a08">
         <name>.text:HAL_INIT_I2C</name>
         <load_address>0x13182</load_address>
         <run_address>0x13182</run_address>
         <size>0x32</size>
         <input_file_ref idref="fl-2"/>
      </object_component>
      <object_component id="oc-770">
         <name>.text:initAcEvseLimits</name>
         <load_address>0x131b4</load_address>
         <run_address>0x131b4</run_address>
         <size>0x32</size>
         <input_file_ref idref="fl-2"/>
      </object_component>
      <object_component id="oc-762">
         <name>.text:initEVSE_Status</name>
         <load_address>0x131e6</load_address>
         <run_address>0x131e6</run_address>
         <size>0x32</size>
         <input_file_ref idref="fl-2"/>
      </object_component>
      <object_component id="oc-856">
         <name>.text:rgbLed_blankLed</name>
         <load_address>0x13218</load_address>
         <run_address>0x13218</run_address>
         <size>0x32</size>
         <input_file_ref idref="fl-2"/>
      </object_component>
      <object_component id="oc-6ea">
         <name>.text:rgbLed_setBlue</name>
         <load_address>0x1324a</load_address>
         <run_address>0x1324a</run_address>
         <size>0x32</size>
         <input_file_ref idref="fl-2"/>
      </object_component>
      <object_component id="oc-6f6">
         <name>.text:rgbLed_setPurple</name>
         <load_address>0x1327c</load_address>
         <run_address>0x1327c</run_address>
         <size>0x32</size>
         <input_file_ref idref="fl-2"/>
      </object_component>
      <object_component id="oc-6fc">
         <name>.text:rgbLed_setSiemensGreen</name>
         <load_address>0x132ae</load_address>
         <run_address>0x132ae</run_address>
         <size>0x32</size>
         <input_file_ref idref="fl-2"/>
      </object_component>
      <object_component id="oc-7ee">
         <name>.text:PwmStartStop</name>
         <load_address>0x132e0</load_address>
         <run_address>0x132e0</run_address>
         <size>0x30</size>
         <input_file_ref idref="fl-2"/>
      </object_component>
      <object_component id="oc-7b9">
         <name>.text:acMeterUpdateData</name>
         <load_address>0x13310</load_address>
         <run_address>0x13310</run_address>
         <size>0x30</size>
         <input_file_ref idref="fl-2"/>
      </object_component>
      <object_component id="oc-a5a">
         <name>.text:cpTransition_A2</name>
         <load_address>0x13340</load_address>
         <run_address>0x13340</run_address>
         <size>0x30</size>
         <input_file_ref idref="fl-2"/>
      </object_component>
      <object_component id="oc-5bc">
         <name>.text:acMeterHandleTxCompleteISR</name>
         <load_address>0x13370</load_address>
         <run_address>0x13370</run_address>
         <size>0x2e</size>
         <input_file_ref idref="fl-2"/>
      </object_component>
      <object_component id="oc-a54">
         <name>.text:cpTransition_A1</name>
         <load_address>0x1339e</load_address>
         <run_address>0x1339e</run_address>
         <size>0x2e</size>
         <input_file_ref idref="fl-2"/>
      </object_component>
      <object_component id="oc-a72">
         <name>.text:cpTransition_C2</name>
         <load_address>0x133cc</load_address>
         <run_address>0x133cc</run_address>
         <size>0x2e</size>
         <input_file_ref idref="fl-2"/>
      </object_component>
      <object_component id="oc-a82">
         <name>.text:handleUartFrame</name>
         <load_address>0x133fa</load_address>
         <run_address>0x133fa</run_address>
         <size>0x2e</size>
         <input_file_ref idref="fl-2"/>
      </object_component>
      <object_component id="oc-a0e">
         <name>.text:HAL_INIT_UART</name>
         <load_address>0x13428</load_address>
         <run_address>0x13428</run_address>
         <size>0x2c</size>
         <input_file_ref idref="fl-2"/>
      </object_component>
      <object_component id="oc-788">
         <name>.text:HAL_SYS_INIT</name>
         <load_address>0x13454</load_address>
         <run_address>0x13454</run_address>
         <size>0x2c</size>
         <input_file_ref idref="fl-2"/>
      </object_component>
      <object_component id="oc-791">
         <name>.text:getAdcResults</name>
         <load_address>0x13480</load_address>
         <run_address>0x13480</run_address>
         <size>0x2c</size>
         <input_file_ref idref="fl-2"/>
      </object_component>
      <object_component id="oc-5a4">
         <name>.text:relayCtrl</name>
         <load_address>0x134ac</load_address>
         <run_address>0x134ac</run_address>
         <size>0x2c</size>
         <input_file_ref idref="fl-2"/>
      </object_component>
      <object_component id="oc-979">
         <name>.text:uartReqRsp</name>
         <load_address>0x134d8</load_address>
         <run_address>0x134d8</run_address>
         <size>0x2a</size>
         <input_file_ref idref="fl-2"/>
      </object_component>
      <object_component id="oc-b03">
         <name>.text:HAL_PWM_INIT_TA3</name>
         <load_address>0x13502</load_address>
         <run_address>0x13502</run_address>
         <size>0x28</size>
         <input_file_ref idref="fl-2"/>
      </object_component>
      <object_component id="oc-92c">
         <name>.text:HandlePetitModbusError</name>
         <load_address>0x1352a</load_address>
         <run_address>0x1352a</run_address>
         <size>0x28</size>
         <input_file_ref idref="fl-3"/>
      </object_component>
      <object_component id="oc-7c5">
         <name>.text:acMeterProcessTransmit</name>
         <load_address>0x13552</load_address>
         <run_address>0x13552</run_address>
         <size>0x28</size>
         <input_file_ref idref="fl-2"/>
      </object_component>
      <object_component id="oc-8de">
         <name>.text:HAL_INIT</name>
         <load_address>0x1357a</load_address>
         <run_address>0x1357a</run_address>
         <size>0x26</size>
         <input_file_ref idref="fl-2"/>
      </object_component>
      <object_component id="oc-714">
         <name>.text:ReceiveInterrupt</name>
         <load_address>0x135a0</load_address>
         <run_address>0x135a0</run_address>
         <size>0x26</size>
         <input_file_ref idref="fl-4"/>
      </object_component>
      <object_component id="oc-5ca">
         <name>.text:is_1s_Occured</name>
         <load_address>0x135c6</load_address>
         <run_address>0x135c6</run_address>
         <size>0x26</size>
         <input_file_ref idref="fl-2"/>
      </object_component>
      <object_component id="oc-944">
         <name>.text:acMeterReadActiveEnergy</name>
         <load_address>0x135ec</load_address>
         <run_address>0x135ec</run_address>
         <size>0x24</size>
         <input_file_ref idref="fl-2"/>
      </object_component>
      <object_component id="oc-93e">
         <name>.text:acMeterReadActivePower</name>
         <load_address>0x13610</load_address>
         <run_address>0x13610</run_address>
         <size>0x24</size>
         <input_file_ref idref="fl-2"/>
      </object_component>
      <object_component id="oc-506">
         <name>.text:decompress:ZI:__TI_zero_init</name>
         <load_address>0x13634</load_address>
         <run_address>0x13634</run_address>
         <size>0x24</size>
         <input_file_ref idref="fl-54"/>
      </object_component>
      <object_component id="oc-7cd">
         <name>.text:pp_Handle</name>
         <load_address>0x13658</load_address>
         <run_address>0x13658</run_address>
         <size>0x24</size>
         <input_file_ref idref="fl-2"/>
      </object_component>
      <object_component id="oc-8ad">
         <name>.text:softuart_getc</name>
         <load_address>0x1367c</load_address>
         <run_address>0x1367c</run_address>
         <size>0x24</size>
         <input_file_ref idref="fl-6"/>
      </object_component>
      <object_component id="oc-7f4">
         <name>.text:uartUpdate</name>
         <load_address>0x136a0</load_address>
         <run_address>0x136a0</run_address>
         <size>0x24</size>
         <input_file_ref idref="fl-2"/>
      </object_component>
      <object_component id="oc-8e4">
         <name>.text:HAL_RESET_ALL_GPIO</name>
         <load_address>0x136c4</load_address>
         <run_address>0x136c4</run_address>
         <size>0x22</size>
         <input_file_ref idref="fl-2"/>
      </object_component>
      <object_component id="oc-8c4">
         <name>.text:configSPI</name>
         <load_address>0x136e6</load_address>
         <run_address>0x136e6</run_address>
         <size>0x20</size>
         <input_file_ref idref="fl-2"/>
      </object_component>
      <object_component id="oc-a6c">
         <name>.text:cpTransition_C1</name>
         <load_address>0x13706</load_address>
         <run_address>0x13706</run_address>
         <size>0x20</size>
         <input_file_ref idref="fl-2"/>
      </object_component>
      <object_component id="oc-9f0">
         <name>.text:HAL_GPIO_INIT</name>
         <load_address>0x13726</load_address>
         <run_address>0x13726</run_address>
         <size>0x1e</size>
         <input_file_ref idref="fl-2"/>
      </object_component>
      <object_component id="oc-58e">
         <name>.text:calculateEnergyUsage</name>
         <load_address>0x13744</load_address>
         <run_address>0x13744</run_address>
         <size>0x1e</size>
         <input_file_ref idref="fl-2"/>
      </object_component>
      <object_component id="oc-7e8">
         <name>.text:isSockedLocked</name>
         <load_address>0x13762</load_address>
         <run_address>0x13762</run_address>
         <size>0x1c</size>
         <input_file_ref idref="fl-2"/>
      </object_component>
      <object_component id="oc-550">
         <name>.text:readLM75</name>
         <load_address>0x1377e</load_address>
         <run_address>0x1377e</run_address>
         <size>0x1c</size>
         <input_file_ref idref="fl-2"/>
      </object_component>
      <object_component id="oc-59b">
         <name>.text:readMotorInput</name>
         <load_address>0x1379a</load_address>
         <run_address>0x1379a</run_address>
         <size>0x1c</size>
         <input_file_ref idref="fl-2"/>
      </object_component>
      <object_component id="oc-a89">
         <name>.text:softuart_putc</name>
         <load_address>0x137b6</load_address>
         <run_address>0x137b6</run_address>
         <size>0x1c</size>
         <input_file_ref idref="fl-6"/>
      </object_component>
      <object_component id="oc-a14">
         <name>.text:HAL_INIT_XINT</name>
         <load_address>0x137d2</load_address>
         <run_address>0x137d2</run_address>
         <size>0x1a</size>
         <input_file_ref idref="fl-2"/>
      </object_component>
      <object_component id="oc-a2b">
         <name>.text:Petit_CheckRxTimeout</name>
         <load_address>0x137ec</load_address>
         <run_address>0x137ec</run_address>
         <size>0x18</size>
         <input_file_ref idref="fl-3"/>
      </object_component>
      <object_component id="oc-72f">
         <name>.text</name>
         <load_address>0x13804</load_address>
         <run_address>0x13804</run_address>
         <size>0x18</size>
         <input_file_ref idref="fl-4d"/>
      </object_component>
      <object_component id="oc-7d4">
         <name>.text:HAL_SET_PWMDUTY_PWM3</name>
         <load_address>0x1381c</load_address>
         <run_address>0x1381c</run_address>
         <size>0x16</size>
         <input_file_ref idref="fl-2"/>
      </object_component>
      <object_component id="oc-782">
         <name>.text:InitPetitModbus</name>
         <load_address>0x13832</load_address>
         <run_address>0x13832</run_address>
         <size>0x16</size>
         <input_file_ref idref="fl-3"/>
      </object_component>
      <object_component id="oc-a38">
         <name>.text:PetitSendMessage</name>
         <load_address>0x13848</load_address>
         <run_address>0x13848</run_address>
         <size>0x16</size>
         <input_file_ref idref="fl-3"/>
      </object_component>
      <object_component id="oc-935">
         <name>.text:memset</name>
         <load_address>0x1385e</load_address>
         <run_address>0x1385e</run_address>
         <size>0x16</size>
         <input_file_ref idref="fl-62"/>
      </object_component>
      <object_component id="oc-5da">
         <name>.text</name>
         <load_address>0x13874</load_address>
         <run_address>0x13874</run_address>
         <size>0x16</size>
         <input_file_ref idref="fl-34"/>
      </object_component>
      <object_component id="oc-afd">
         <name>.text:HAL_TIMER_INIT_TA1</name>
         <load_address>0x1388a</load_address>
         <run_address>0x1388a</run_address>
         <size>0x14</size>
         <input_file_ref idref="fl-2"/>
      </object_component>
      <object_component id="oc-af7">
         <name>.text:HAL_TIMER_INIT_TA2</name>
         <load_address>0x1389e</load_address>
         <run_address>0x1389e</run_address>
         <size>0x14</size>
         <input_file_ref idref="fl-2"/>
      </object_component>
      <object_component id="oc-b69">
         <name>.text:Petit_DoSlaveTX</name>
         <load_address>0x138b2</load_address>
         <run_address>0x138b2</run_address>
         <size>0x14</size>
         <input_file_ref idref="fl-3"/>
      </object_component>
      <object_component id="oc-5ac">
         <name>.text:acMeterHandleRxISR</name>
         <load_address>0x138c6</load_address>
         <run_address>0x138c6</run_address>
         <size>0x14</size>
         <input_file_ref idref="fl-2"/>
      </object_component>
      <object_component id="oc-4b8">
         <name>.text:memcpy</name>
         <load_address>0x138da</load_address>
         <run_address>0x138da</run_address>
         <size>0x14</size>
         <input_file_ref idref="fl-61"/>
      </object_component>
      <object_component id="oc-913">
         <name>.text:Petit_RxDataAvailable</name>
         <load_address>0x138ee</load_address>
         <run_address>0x138ee</run_address>
         <size>0x12</size>
         <input_file_ref idref="fl-3"/>
      </object_component>
      <object_component id="oc-77">
         <name>.text:decompress:none:__TI_decompress_none</name>
         <load_address>0x13900</load_address>
         <run_address>0x13900</run_address>
         <size>0x12</size>
         <input_file_ref idref="fl-5a"/>
      </object_component>
      <object_component id="oc-aea">
         <name>.text:HAL_GPIO_ACTUATOR_INIT</name>
         <load_address>0x13912</load_address>
         <run_address>0x13912</run_address>
         <size>0xe</size>
         <input_file_ref idref="fl-2"/>
      </object_component>
      <object_component id="oc-ad2">
         <name>.text:HAL_GPIO_INIT_LEDGREEN</name>
         <load_address>0x13920</load_address>
         <run_address>0x13920</run_address>
         <size>0xe</size>
         <input_file_ref idref="fl-2"/>
      </object_component>
      <object_component id="oc-ad8">
         <name>.text:HAL_GPIO_INIT_OUTRELAY1</name>
         <load_address>0x1392e</load_address>
         <run_address>0x1392e</run_address>
         <size>0xe</size>
         <input_file_ref idref="fl-2"/>
      </object_component>
      <object_component id="oc-9f6">
         <name>.text:HAL_TIMER_INIT</name>
         <load_address>0x1393c</load_address>
         <run_address>0x1393c</run_address>
         <size>0xe</size>
         <input_file_ref idref="fl-2"/>
      </object_component>
      <object_component id="oc-9e1">
         <name>.text:RS485_Init</name>
         <load_address>0x1394a</load_address>
         <run_address>0x1394a</run_address>
         <size>0xe</size>
         <input_file_ref idref="fl-4"/>
      </object_component>
      <object_component id="oc-77c">
         <name>.text:rgbLed_init</name>
         <load_address>0x13958</load_address>
         <run_address>0x13958</run_address>
         <size>0xe</size>
         <input_file_ref idref="fl-2"/>
      </object_component>
      <object_component id="oc-b52">
         <name>.text:HAL_GPIO_INIT_ACT_IN1</name>
         <load_address>0x13966</load_address>
         <run_address>0x13966</run_address>
         <size>0xa</size>
         <input_file_ref idref="fl-2"/>
      </object_component>
      <object_component id="oc-b58">
         <name>.text:HAL_GPIO_INIT_ACT_IN2</name>
         <load_address>0x13970</load_address>
         <run_address>0x13970</run_address>
         <size>0xa</size>
         <input_file_ref idref="fl-2"/>
      </object_component>
      <object_component id="oc-af0">
         <name>.text:HAL_GPIO_INIT_BUZZER</name>
         <load_address>0x1397a</load_address>
         <run_address>0x1397a</run_address>
         <size>0xa</size>
         <input_file_ref idref="fl-2"/>
      </object_component>
      <object_component id="oc-ade">
         <name>.text:HAL_GPIO_INIT_L1RELAY</name>
         <load_address>0x13984</load_address>
         <run_address>0x13984</run_address>
         <size>0xa</size>
         <input_file_ref idref="fl-2"/>
      </object_component>
      <object_component id="oc-ae4">
         <name>.text:HAL_GPIO_INIT_L3RELAY</name>
         <load_address>0x1398e</load_address>
         <run_address>0x1398e</run_address>
         <size>0xa</size>
         <input_file_ref idref="fl-2"/>
      </object_component>
      <object_component id="oc-acc">
         <name>.text:HAL_GPIO_INIT_LEDRED</name>
         <load_address>0x13998</load_address>
         <run_address>0x13998</run_address>
         <size>0xa</size>
         <input_file_ref idref="fl-2"/>
      </object_component>
      <object_component id="oc-b8b">
         <name>.text:PetitModBus_UART_Putch</name>
         <load_address>0x139a2</load_address>
         <run_address>0x139a2</run_address>
         <size>0xa</size>
         <input_file_ref idref="fl-4"/>
      </object_component>
      <object_component id="oc-88d">
         <name>.text:brakeMotor</name>
         <load_address>0x139ac</load_address>
         <run_address>0x139ac</run_address>
         <size>0xa</size>
         <input_file_ref idref="fl-2"/>
      </object_component>
      <object_component id="oc-582">
         <name>.text:checkandHandleLimits</name>
         <load_address>0x139b6</load_address>
         <run_address>0x139b6</run_address>
         <size>0xa</size>
         <input_file_ref idref="fl-2"/>
      </object_component>
      <object_component id="oc-881">
         <name>.text:forwardMotor</name>
         <load_address>0x139c0</load_address>
         <run_address>0x139c0</run_address>
         <size>0xa</size>
         <input_file_ref idref="fl-2"/>
      </object_component>
      <object_component id="oc-887">
         <name>.text:reverseMotor</name>
         <load_address>0x139ca</load_address>
         <run_address>0x139ca</run_address>
         <size>0xa</size>
         <input_file_ref idref="fl-2"/>
      </object_component>
      <object_component id="oc-87b">
         <name>.text:stopMotor</name>
         <load_address>0x139d4</load_address>
         <run_address>0x139d4</run_address>
         <size>0xa</size>
         <input_file_ref idref="fl-2"/>
      </object_component>
      <object_component id="oc-96c">
         <name>.text:HAL_START_PWM3</name>
         <load_address>0x139de</load_address>
         <run_address>0x139de</run_address>
         <size>0x8</size>
         <input_file_ref idref="fl-2"/>
      </object_component>
      <object_component id="oc-972">
         <name>.text:HAL_STOP_PWM3</name>
         <load_address>0x139e6</load_address>
         <run_address>0x139e6</run_address>
         <size>0x8</size>
         <input_file_ref idref="fl-2"/>
      </object_component>
      <object_component id="oc-b5e">
         <name>.text:HAL_GPIO_INIT_MOTOR_IN</name>
         <load_address>0x139ee</load_address>
         <run_address>0x139ee</run_address>
         <size>0x6</size>
         <input_file_ref idref="fl-2"/>
      </object_component>
      <object_component id="oc-5c3">
         <name>.text:PetitModBus_TimerValues</name>
         <load_address>0x139f4</load_address>
         <run_address>0x139f4</run_address>
         <size>0x6</size>
         <input_file_ref idref="fl-4"/>
      </object_component>
      <object_component id="oc-8cb">
         <name>.text:PetitModBus_UART_Initialise</name>
         <load_address>0x139fa</load_address>
         <run_address>0x139fa</run_address>
         <size>0x6</size>
         <input_file_ref idref="fl-4"/>
      </object_component>
      <object_component id="oc-abe">
         <name>.text:RS485_DisableTransmit</name>
         <load_address>0x13a00</load_address>
         <run_address>0x13a00</run_address>
         <size>0x6</size>
         <input_file_ref idref="fl-4"/>
      </object_component>
      <object_component id="oc-723">
         <name>.text:RS485_DisableTransmit</name>
         <load_address>0x13a06</load_address>
         <run_address>0x13a06</run_address>
         <size>0x6</size>
         <input_file_ref idref="fl-2"/>
      </object_component>
      <object_component id="oc-7bf">
         <name>.text:RS485_EnableTransmit</name>
         <load_address>0x13a0c</load_address>
         <run_address>0x13a0c</run_address>
         <size>0x6</size>
         <input_file_ref idref="fl-2"/>
      </object_component>
      <object_component id="oc-80c">
         <name>.text:abort</name>
         <load_address>0x13a12</load_address>
         <run_address>0x13a12</run_address>
         <size>0x6</size>
         <input_file_ref idref="fl-5e"/>
      </object_component>
      <object_component id="oc-61e">
         <name>.text:_system_pre_init</name>
         <load_address>0x13a18</load_address>
         <run_address>0x13a18</run_address>
         <size>0x4</size>
         <input_file_ref idref="fl-58"/>
      </object_component>
      <object_component id="oc-8d1">
         <name>.text:PetitModBus_TIMER_Initialise</name>
         <load_address>0x13a1c</load_address>
         <run_address>0x13a1c</run_address>
         <size>0x2</size>
         <input_file_ref idref="fl-4"/>
      </object_component>
      <object_component id="oc-8b8">
         <name>.text:Port_Mapping</name>
         <load_address>0x13a1e</load_address>
         <run_address>0x13a1e</run_address>
         <size>0x2</size>
         <input_file_ref idref="fl-2"/>
      </object_component>
      <object_component id="oc-99b">
         <name>.text:_system_post_cinit</name>
         <load_address>0x13a20</load_address>
         <run_address>0x13a20</run_address>
         <size>0x2</size>
         <input_file_ref idref="fl-59"/>
      </object_component>
      <object_component id="oc-8be">
         <name>.text:configClock</name>
         <load_address>0x13a22</load_address>
         <run_address>0x13a22</run_address>
         <size>0x2</size>
         <input_file_ref idref="fl-2"/>
      </object_component>
      <object_component id="oc-4e2">
         <name>.text:_isr:TIMER1_A0_ISR</name>
         <load_address>0xc000</load_address>
         <run_address>0xc000</run_address>
         <size>0x104</size>
         <input_file_ref idref="fl-2"/>
      </object_component>
      <object_component id="oc-4d6">
         <name>.text:_isr:TIMER2_A0_ISR</name>
         <load_address>0xc104</load_address>
         <run_address>0xc104</run_address>
         <size>0x8e</size>
         <input_file_ref idref="fl-2"/>
      </object_component>
      <object_component id="oc-4f4">
         <name>.text:_isr:USCI_B0_ISR</name>
         <load_address>0xc192</load_address>
         <run_address>0xc192</run_address>
         <size>0x5a</size>
         <input_file_ref idref="fl-2"/>
      </object_component>
      <object_component id="oc-4dc">
         <name>.text:_isr:USCI_A3_ISR</name>
         <load_address>0xc1ec</load_address>
         <run_address>0xc1ec</run_address>
         <size>0x44</size>
         <input_file_ref idref="fl-2"/>
      </object_component>
      <object_component id="oc-4e8">
         <name>.text:_isr:DMA0_ISR</name>
         <load_address>0xc230</load_address>
         <run_address>0xc230</run_address>
         <size>0x40</size>
         <input_file_ref idref="fl-2"/>
      </object_component>
      <object_component id="oc-4ee">
         <name>.text:_isr:SD24BISR</name>
         <load_address>0xc270</load_address>
         <run_address>0xc270</run_address>
         <size>0x34</size>
         <input_file_ref idref="fl-2"/>
      </object_component>
      <object_component id="oc-4fa">
         <name>.text:_isr:USCI_A0_ISR</name>
         <load_address>0xc2a4</load_address>
         <run_address>0xc2a4</run_address>
         <size>0x30</size>
         <input_file_ref idref="fl-2"/>
      </object_component>
      <object_component id="oc-512">
         <name>.text:_isr:_c_int00_noargs</name>
         <load_address>0xc2d4</load_address>
         <run_address>0xc2d4</run_address>
         <size>0x1c</size>
         <input_file_ref idref="fl-52"/>
      </object_component>
      <object_component id="oc-4c5">
         <name>.text:_isr:__TI_ISR_TRAP</name>
         <load_address>0xc2f0</load_address>
         <run_address>0xc2f0</run_address>
         <size>0x8</size>
         <input_file_ref idref="fl-4a"/>
      </object_component>
      <object_component id="oc-4d0">
         <name>.text:_isr:Port_2</name>
         <load_address>0xc2f8</load_address>
         <run_address>0xc2f8</run_address>
         <size>0x6</size>
         <input_file_ref idref="fl-2"/>
      </object_component>
      <object_component id="oc-4ca">
         <name>.text:_isr:TIMER3_A0_ISR</name>
         <load_address>0xc2fe</load_address>
         <run_address>0xc2fe</run_address>
         <size>0x2</size>
         <input_file_ref idref="fl-2"/>
      </object_component>
      <object_component id="oc-c05">
         <name>.cinit..data.load</name>
         <load_address>0xc40a</load_address>
         <run_address>0xc40a</run_address>
         <size>0x4c</size>
      </object_component>
      <object_component id="oc-c02">
         <name>__TI_handler_table</name>
         <load_address>0xc456</load_address>
         <run_address>0xc456</run_address>
         <size>0xc</size>
      </object_component>
      <object_component id="oc-c04">
         <name>.cinit..bss.load</name>
         <load_address>0xc462</load_address>
         <run_address>0xc462</run_address>
         <size>0x6</size>
      </object_component>
      <object_component id="oc-c03">
         <name>__TI_cinit_table</name>
         <load_address>0xc468</load_address>
         <run_address>0xc468</run_address>
         <size>0x10</size>
      </object_component>
      <object_component id="oc-9dc">
         <name>.const:_IQ14sqrt_lookup</name>
         <load_address>0xc300</load_address>
         <run_address>0xc300</run_address>
         <size>0xc0</size>
         <input_file_ref idref="fl-1c"/>
      </object_component>
      <object_component id="oc-90c">
         <name>.const:.string:_IQ6div_lookup</name>
         <load_address>0xc3c0</load_address>
         <run_address>0xc3c0</run_address>
         <size>0x41</size>
         <input_file_ref idref="fl-1c"/>
      </object_component>
      <object_component id="oc-a43">
         <name>.const:.string:$P$T0$3</name>
         <load_address>0xc402</load_address>
         <run_address>0xc402</run_address>
         <size>0x4</size>
         <input_file_ref idref="fl-2"/>
      </object_component>
      <object_component id="oc-a4d">
         <name>.const:.string:$P$T1$4</name>
         <load_address>0xc406</load_address>
         <run_address>0xc406</run_address>
         <size>0x4</size>
         <input_file_ref idref="fl-2"/>
      </object_component>
      <object_component id="oc-b94">
         <name>.binit</name>
         <load_address>0xc000</load_address>
         <run_address>0xc000</run_address>
         <size>0x0</size>
      </object_component>
      <object_component id="oc-7d">
         <name>.int37</name>
         <load_address>0xffca</load_address>
         <run_address>0xffca</run_address>
         <size>0x2</size>
         <input_file_ref idref="fl-39"/>
      </object_component>
      <object_component id="oc-7e">
         <name>.int38</name>
         <load_address>0xffcc</load_address>
         <run_address>0xffcc</run_address>
         <size>0x2</size>
         <input_file_ref idref="fl-3a"/>
      </object_component>
      <object_component id="oc-7f">
         <name>.int39</name>
         <load_address>0xffce</load_address>
         <run_address>0xffce</run_address>
         <size>0x2</size>
         <input_file_ref idref="fl-3b"/>
      </object_component>
      <object_component id="oc-80">
         <name>.int40</name>
         <load_address>0xffd0</load_address>
         <run_address>0xffd0</run_address>
         <size>0x2</size>
         <input_file_ref idref="fl-3c"/>
      </object_component>
      <object_component id="oc-81">
         <name>.int41</name>
         <load_address>0xffd2</load_address>
         <run_address>0xffd2</run_address>
         <size>0x2</size>
         <input_file_ref idref="fl-2"/>
      </object_component>
      <object_component id="oc-82">
         <name>.int42</name>
         <load_address>0xffd4</load_address>
         <run_address>0xffd4</run_address>
         <size>0x2</size>
         <input_file_ref idref="fl-2"/>
      </object_component>
      <object_component id="oc-83">
         <name>.int43</name>
         <load_address>0xffd6</load_address>
         <run_address>0xffd6</run_address>
         <size>0x2</size>
         <input_file_ref idref="fl-3d"/>
      </object_component>
      <object_component id="oc-84">
         <name>.int44</name>
         <load_address>0xffd8</load_address>
         <run_address>0xffd8</run_address>
         <size>0x2</size>
         <input_file_ref idref="fl-2"/>
      </object_component>
      <object_component id="oc-85">
         <name>.int45</name>
         <load_address>0xffda</load_address>
         <run_address>0xffda</run_address>
         <size>0x2</size>
         <input_file_ref idref="fl-3e"/>
      </object_component>
      <object_component id="oc-86">
         <name>.int46</name>
         <load_address>0xffdc</load_address>
         <run_address>0xffdc</run_address>
         <size>0x2</size>
         <input_file_ref idref="fl-3f"/>
      </object_component>
      <object_component id="oc-87">
         <name>.int47</name>
         <load_address>0xffde</load_address>
         <run_address>0xffde</run_address>
         <size>0x2</size>
         <input_file_ref idref="fl-2"/>
      </object_component>
      <object_component id="oc-88">
         <name>.int48</name>
         <load_address>0xffe0</load_address>
         <run_address>0xffe0</run_address>
[...]
         <name>timerVal</name>
         <value>0x2afa</value>
         <object_component_ref idref="oc-559"/>
      </symbol>
      <symbol id="sm-a85">
         <name>RXByteCtr</name>
         <value>0x2aef</value>
         <object_component_ref idref="oc-559"/>
      </symbol>
      <symbol id="sm-a86">
         <name>shiftLed</name>
         <value>0x1208e</value>
         <object_component_ref idref="oc-871"/>
      </symbol>
      <symbol id="sm-a87">
         <name>meterStop</name>
         <value>0x2b20</value>
         <object_component_ref idref="oc-559"/>
      </symbol>
      <symbol id="sm-b39">
         <name>Petit_Tx_Data</name>
         <value>0x2684</value>
      </symbol>
      <symbol id="sm-b3a">
         <name>Petit_Tx_Buf</name>
         <value>0x26d8</value>
      </symbol>
      <symbol id="sm-b3b">
         <name>Petit_Rx_Data</name>
         <value>0x2666</value>
      </symbol>
      <symbol id="sm-b3c">
         <name>PetitSendMessage</name>
         <value>0x13848</value>
         <object_component_ref idref="oc-a38"/>
      </symbol>
      <symbol id="sm-b3d">
         <name>Petit_RxDataAvailable</name>
         <value>0x138ee</value>
         <object_component_ref idref="oc-913"/>
      </symbol>
      <symbol id="sm-b3e">
         <name>Petit_Tx_Buf_Size</name>
         <value>0x2bce</value>
         <object_component_ref idref="oc-72a"/>
      </symbol>
      <symbol id="sm-b3f">
         <name>PetitModbusTimerValue</name>
         <value>0x2bd6</value>
         <object_component_ref idref="oc-72a"/>
      </symbol>
      <symbol id="sm-b40">
         <name>Petit_Rx_CRC16</name>
         <value>0x2bd0</value>
         <object_component_ref idref="oc-72a"/>
      </symbol>
      <symbol id="sm-b41">
         <name>Petit_Rx_Data_Available</name>
         <value>0x2bd4</value>
         <object_component_ref idref="oc-72a"/>
      </symbol>
      <symbol id="sm-b42">
         <name>HandleMPetitodbusWriteMultipleRegisters</name>
         <value>0x116a8</value>
         <object_component_ref idref="oc-926"/>
      </symbol>
      <symbol id="sm-b43">
         <name>modbus_getData</name>
         <value>0x122ee</value>
         <object_component_ref idref="oc-7b3"/>
      </symbol>
      <symbol id="sm-b44">
         <name>HandlePetitModbusReadHoldingRegisters</name>
         <value>0x11b22</value>
         <object_component_ref idref="oc-91a"/>
      </symbol>
      <symbol id="sm-b45">
         <name>Petit_TxRTU</name>
         <value>0x11c7c</value>
         <object_component_ref idref="oc-b19"/>
      </symbol>
      <symbol id="sm-b46">
         <name>modbus_Process</name>
         <value>0x12836</value>
         <object_component_ref idref="oc-7aa"/>
      </symbol>
      <symbol id="sm-b47">
         <name>PETITMODBUS_SLAVE_ADDRESS</name>
         <value>0x2bc6</value>
         <object_component_ref idref="oc-72a"/>
      </symbol>
      <symbol id="sm-b48">
         <name>HandlePetitModbusError</name>
         <value>0x1352a</value>
         <object_component_ref idref="oc-92c"/>
      </symbol>
      <symbol id="sm-b49">
         <name>Petit_Tx_State</name>
         <value>0x2bcc</value>
         <object_component_ref idref="oc-72a"/>
      </symbol>
      <symbol id="sm-b4a">
         <name>Petit_RxRTU</name>
         <value>0x1177c</value>
         <object_component_ref idref="oc-90d"/>
      </symbol>
      <symbol id="sm-b4b">
         <name>Petit_Tx_CRC16</name>
         <value>0x2bca</value>
         <object_component_ref idref="oc-72a"/>
      </symbol>
      <symbol id="sm-b4c">
         <name>CheckPetitModbusBufferComplete</name>
         <value>0x11e50</value>
         <object_component_ref idref="oc-a1f"/>
      </symbol>
      <symbol id="sm-b4d">
         <name>Petit_Rx_State</name>
         <value>0x2bd2</value>
         <object_component_ref idref="oc-72a"/>
      </symbol>
      <symbol id="sm-b4e">
         <name>Petit_CheckRxTimeout</name>
         <value>0x137ec</value>
         <object_component_ref idref="oc-a2b"/>
      </symbol>
      <symbol id="sm-b4f">
         <name>InitPetitModbus</name>
         <value>0x13832</value>
         <object_component_ref idref="oc-782"/>
      </symbol>
      <symbol id="sm-b50">
         <name>modbus_readHoldingRegister</name>
         <value>0x12512</value>
         <object_component_ref idref="oc-a46"/>
      </symbol>
      <symbol id="sm-b51">
         <name>Petit_Tx_Current</name>
         <value>0x2bc8</value>
         <object_component_ref idref="oc-72a"/>
      </symbol>
      <symbol id="sm-b52">
         <name>HandlePetitModbusWriteSingleRegister</name>
         <value>0x11f74</value>
         <object_component_ref idref="oc-920"/>
      </symbol>
      <symbol id="sm-b53">
         <name>Petit_CRC16</name>
         <value>0x12b84</value>
         <object_component_ref idref="oc-a25"/>
      </symbol>
      <symbol id="sm-b54">
         <name>Petit_DoSlaveTX</name>
         <value>0x138b2</value>
         <object_component_ref idref="oc-b69"/>
      </symbol>
      <symbol id="sm-bb0">
         <name>PetitReceiveBuffer</name>
         <value>0x26be</value>
      </symbol>
      <symbol id="sm-bb1">
         <name>PetitModBus_TIMER_Initialise</name>
         <value>0x13a1c</value>
         <object_component_ref idref="oc-8d1"/>
      </symbol>
      <symbol id="sm-bb2">
         <name>PetitReceiveCounter</name>
         <value>0x2bdb</value>
         <object_component_ref idref="oc-894"/>
      </symbol>
      <symbol id="sm-bb3">
         <name>PetitModBus_UART_String</name>
         <value>0x12f82</value>
         <object_component_ref idref="oc-b82"/>
      </symbol>
      <symbol id="sm-bb4">
         <name>ReceiveInterrupt</name>
         <value>0x135a0</value>
         <object_component_ref idref="oc-714"/>
      </symbol>
      <symbol id="sm-bb5">
         <name>PetitModBus_UART_Putch</name>
         <value>0x139a2</value>
         <object_component_ref idref="oc-b8b"/>
      </symbol>
      <symbol id="sm-bb6">
         <name>PetitModBus_TimerValues</name>
         <value>0x139f4</value>
         <object_component_ref idref="oc-5c3"/>
      </symbol>
      <symbol id="sm-bb7">
         <name>PetitModBus_UART_Initialise</name>
         <value>0x139fa</value>
         <object_component_ref idref="oc-8cb"/>
      </symbol>
      <symbol id="sm-bbd">
         <name>PetitRegisters</name>
         <value>0x26f2</value>
      </symbol>
      <symbol id="sm-beb">
         <name>hasReceived</name>
         <value>0x2798</value>
      </symbol>
      <symbol id="sm-bec">
         <name>softuart_read2</name>
         <value>0x119ba</value>
         <object_component_ref idref="oc-758"/>
      </symbol>
      <symbol id="sm-bed">
         <name>softuart_write</name>
         <value>0x13070</value>
         <object_component_ref idref="oc-97f"/>
      </symbol>
      <symbol id="sm-bee">
         <name>softuart_getc</name>
         <value>0x1367c</value>
         <object_component_ref idref="oc-8ad"/>
      </symbol>
      <symbol id="sm-bef">
         <name>softuart_putc</name>
         <value>0x137b6</value>
         <object_component_ref idref="oc-a89"/>
      </symbol>
      <symbol id="sm-c1c">
         <name>encodeData4bit</name>
         <value>0x11208</value>
         <object_component_ref idref="oc-9c8"/>
      </symbol>
      <symbol id="sm-c1d">
         <name>encodeData3bit</name>
         <value>0x109ec</value>
         <object_component_ref idref="oc-9c2"/>
      </symbol>
      <symbol id="sm-c1e">
         <name>fillFrameBufferSingleColor</name>
         <value>0x11846</value>
         <object_component_ref idref="oc-860"/>
      </symbol>
      <symbol id="sm-c2c">
         <name>_IQ16div</name>
         <value>0x10666</value>
         <object_component_ref idref="oc-7a9"/>
      </symbol>
      <symbol id="sm-c3a">
         <name>_IQ16sqrt</name>
         <value>0x10faa</value>
         <object_component_ref idref="oc-8a6"/>
      </symbol>
      <symbol id="sm-c3e">
         <name>_IQ14sqrt_lookup</name>
         <value>0xc300</value>
         <object_component_ref idref="oc-9dc"/>
      </symbol>
      <symbol id="sm-c3f">
         <name>_IQ6div_lookup</name>
         <value>0xc3c0</value>
         <object_component_ref idref="oc-90c"/>
      </symbol>
      <symbol id="sm-c47">
         <name>_IQ16toF</name>
         <value>0x1220a</value>
         <object_component_ref idref="oc-73f"/>
      </symbol>
      <symbol id="sm-c4a">
         <name>_IQ16mpy</name>
         <value>0x130aa</value>
         <object_component_ref idref="oc-74a"/>
      </symbol>
      <symbol id="sm-c54">
         <name>__mspabi_remu</name>
         <value>0x13874</value>
         <object_component_ref idref="oc-5da"/>
      </symbol>
      <symbol id="sm-c55">
         <name>__mspabi_divu</name>
         <value>0x13874</value>
         <object_component_ref idref="oc-5da"/>
      </symbol>
      <symbol id="sm-c65">
         <name>__mspabi_cmpf</name>
         <value>0x12c20</value>
         <object_component_ref idref="oc-589"/>
      </symbol>
      <symbol id="sm-c7c">
         <name>__mspabi_mpyf</name>
         <value>0x11902</value>
         <object_component_ref idref="oc-7fa"/>
      </symbol>
      <symbol id="sm-c8e">
         <name>__mspabi_fixfi</name>
         <value>0x1257a</value>
         <object_component_ref idref="oc-805"/>
      </symbol>
      <symbol id="sm-c9d">
         <name>__mspabi_fixfu</name>
         <value>0x12cf8</value>
         <object_component_ref idref="oc-7ff"/>
      </symbol>
      <symbol id="sm-ca0">
         <name>__TI_int37</name>
         <value>0xffca</value>
         <object_component_ref idref="oc-7d"/>
      </symbol>
      <symbol id="sm-ca3">
         <name>__TI_int38</name>
         <value>0xffcc</value>
         <object_component_ref idref="oc-7e"/>
      </symbol>
      <symbol id="sm-ca6">
         <name>__TI_int39</name>
         <value>0xffce</value>
         <object_component_ref idref="oc-7f"/>
      </symbol>
      <symbol id="sm-ca9">
         <name>__TI_int40</name>
         <value>0xffd0</value>
         <object_component_ref idref="oc-80"/>
      </symbol>
      <symbol id="sm-cac">
         <name>__TI_int43</name>
         <value>0xffd6</value>
         <object_component_ref idref="oc-83"/>
      </symbol>
      <symbol id="sm-caf">
         <name>__TI_int45</name>
         <value>0xffda</value>
         <object_component_ref idref="oc-85"/>
      </symbol>
      <symbol id="sm-cb2">
         <name>__TI_int46</name>
         <value>0xffdc</value>
         <object_component_ref idref="oc-86"/>
      </symbol>
      <symbol id="sm-cb5">
         <name>__TI_int48</name>
         <value>0xffe0</value>
         <object_component_ref idref="oc-88"/>
      </symbol>
      <symbol id="sm-cb8">
         <name>__TI_int51</name>
         <value>0xffe6</value>
         <object_component_ref idref="oc-8b"/>
      </symbol>
      <symbol id="sm-cbb">
         <name>__TI_int52</name>
         <value>0xffe8</value>
         <object_component_ref idref="oc-8c"/>
      </symbol>
      <symbol id="sm-cbe">
         <name>__TI_int53</name>
         <value>0xffea</value>
         <object_component_ref idref="oc-8d"/>
      </symbol>
      <symbol id="sm-cc1">
         <name>__TI_int54</name>
         <value>0xffec</value>
         <object_component_ref idref="oc-8e"/>
      </symbol>
      <symbol id="sm-cc4">
         <name>__TI_int55</name>
         <value>0xffee</value>
         <object_component_ref idref="oc-8f"/>
      </symbol>
      <symbol id="sm-cc7">
         <name>__TI_int57</name>
         <value>0xfff2</value>
         <object_component_ref idref="oc-91"/>
      </symbol>
      <symbol id="sm-cca">
         <name>__TI_int60</name>
         <value>0xfff8</value>
         <object_component_ref idref="oc-94"/>
      </symbol>
      <symbol id="sm-ccd">
         <name>__TI_int61</name>
         <value>0xfffa</value>
         <object_component_ref idref="oc-95"/>
      </symbol>
      <symbol id="sm-cd0">
         <name>__TI_int62</name>
         <value>0xfffc</value>
         <object_component_ref idref="oc-96"/>
      </symbol>
      <symbol id="sm-cd8">
         <name>__TI_ISR_TRAP</name>
         <value>0xc2f0</value>
         <object_component_ref idref="oc-4c5"/>
      </symbol>
      <symbol id="sm-ce0">
         <name>__mspabi_srll_8</name>
         <value>0x12f60</value>
         <object_component_ref idref="oc-734"/>
      </symbol>
      <symbol id="sm-ce1">
         <name>__mspabi_srll_9</name>
         <value>0x12f5c</value>
         <object_component_ref idref="oc-734"/>
      </symbol>
      <symbol id="sm-ce2">
         <name>__mspabi_srll_6</name>
         <value>0x12f68</value>
         <object_component_ref idref="oc-734"/>
      </symbol>
      <symbol id="sm-ce3">
         <name>__mspabi_srll_7</name>
         <value>0x12f64</value>
         <object_component_ref idref="oc-734"/>
      </symbol>
      <symbol id="sm-ce4">
         <name>__mspabi_srll_4</name>
         <value>0x12f70</value>
         <object_component_ref idref="oc-734"/>
      </symbol>
      <symbol id="sm-ce5">
         <name>__mspabi_srll_5</name>
         <value>0x12f6c</value>
         <object_component_ref idref="oc-734"/>
      </symbol>
      <symbol id="sm-ce6">
         <name>__mspabi_srll_2</name>
         <value>0x12f78</value>
         <object_component_ref idref="oc-734"/>
      </symbol>
      <symbol id="sm-ce7">
         <name>__mspabi_srll_3</name>
         <value>0x12f74</value>
         <object_component_ref idref="oc-734"/>
      </symbol>
      <symbol id="sm-ce8">
         <name>__mspabi_srll_1</name>
         <value>0x12f7c</value>
         <object_component_ref idref="oc-734"/>
      </symbol>
      <symbol id="sm-ce9">
         <name>__mspabi_srll_15</name>
         <value>0x12f44</value>
         <object_component_ref idref="oc-734"/>
      </symbol>
      <symbol id="sm-cea">
         <name>__mspabi_srll_14</name>
         <value>0x12f48</value>
         <object_component_ref idref="oc-734"/>
      </symbol>
      <symbol id="sm-ceb">
         <name>__mspabi_srll_13</name>
         <value>0x12f4c</value>
         <object_component_ref idref="oc-734"/>
      </symbol>
      <symbol id="sm-cec">
         <name>__mspabi_srll_12</name>
         <value>0x12f50</value>
         <object_component_ref idref="oc-734"/>
      </symbol>
      <symbol id="sm-ced">
         <name>__mspabi_srll_11</name>
         <value>0x12f54</value>
         <object_component_ref idref="oc-734"/>
      </symbol>
      <symbol id="sm-cee">
         <name>__mspabi_srll_10</name>
         <value>0x12f58</value>
         <object_component_ref idref="oc-734"/>
      </symbol>
      <symbol id="sm-cf7">
         <name>__mspabi_mpyi_f5hw</name>
         <value>0x13804</value>
         <object_component_ref idref="oc-72f"/>
      </symbol>
      <symbol id="sm-d0b">
         <name>_stack</name>
         <value>0x5b60</value>
         <object_component_ref idref="oc-4a9"/>
      </symbol>
      <symbol id="sm-d0c">
         <name>_c_int00_noargs</name>
         <value>0xc2d4</value>
         <object_component_ref idref="oc-512"/>
      </symbol>
      <symbol id="sm-d0d">
         <name>_reset_vector</name>
         <value>0xfffe</value>
         <object_component_ref idref="oc-4ac"/>
      </symbol>
      <symbol id="sm-d30">
         <name>__TI_auto_init_nobinit_nopinit_hold_wdt</name>
         <value>0x1299e</value>
         <object_component_ref idref="oc-830"/>
      </symbol>
      <symbol id="sm-d43">
         <name>__TI_zero_init</name>
         <value>0x13634</value>
         <object_component_ref idref="oc-506"/>
      </symbol>
      <symbol id="sm-d57">
         <name>__mspabi_srlll</name>
         <value>0x13036</value>
         <object_component_ref idref="oc-906"/>
      </symbol>
      <symbol id="sm-d60">
         <name>_system_pre_init</name>
         <value>0x13a18</value>
         <object_component_ref idref="oc-61e"/>
      </symbol>
      <symbol id="sm-d69">
         <name>_system_post_cinit</name>
         <value>0x13a20</value>
         <object_component_ref idref="oc-99b"/>
      </symbol>
      <symbol id="sm-d7a">
         <name>__TI_decompress_none</name>
         <value>0x13900</value>
         <object_component_ref idref="oc-77"/>
      </symbol>
      <symbol id="sm-d9d">
         <name>__TI_decompress_lzss</name>
         <value>0x12194</value>
         <object_component_ref idref="oc-71"/>
      </symbol>
      <symbol id="sm-dbc">
         <name>__mspabi_cmpd</name>
         <value>0x114fa</value>
         <object_component_ref idref="oc-7a3"/>
      </symbol>
      <symbol id="sm-dcf">
         <name>__mspabi_cvtfd</name>
         <value>0x12712</value>
         <object_component_ref idref="oc-79d"/>
      </symbol>
      <symbol id="sm-dd9">
         <name>C$$EXIT</name>
         <value>0x13a12</value>
         <object_component_ref idref="oc-80c"/>
      </symbol>
      <symbol id="sm-dda">
         <name>abort</name>
         <value>0x13a12</value>
         <object_component_ref idref="oc-80c"/>
      </symbol>
      <symbol id="sm-dea">
         <name>memcpy</name>
         <value>0x138da</value>
         <object_component_ref idref="oc-4b8"/>
      </symbol>
      <symbol id="sm-df8">
         <name>memset</name>
         <value>0x1385e</value>
         <object_component_ref idref="oc-935"/>
      </symbol>
      <symbol id="sm-e00">
         <name>__mspabi_sral_15</name>
         <value>0x12f06</value>
         <object_component_ref idref="oc-8f5"/>
      </symbol>
      <symbol id="sm-e01">
         <name>__mspabi_sral_14</name>
         <value>0x12f0a</value>
         <object_component_ref idref="oc-8f5"/>
      </symbol>
      <symbol id="sm-e02">
         <name>__mspabi_sral_13</name>
         <value>0x12f0e</value>
         <object_component_ref idref="oc-8f5"/>
      </symbol>
      <symbol id="sm-e03">
         <name>__mspabi_sral_12</name>
         <value>0x12f12</value>
         <object_component_ref idref="oc-8f5"/>
      </symbol>
      <symbol id="sm-e04">
         <name>__mspabi_sral_11</name>
         <value>0x12f16</value>
         <object_component_ref idref="oc-8f5"/>
      </symbol>
      <symbol id="sm-e05">
         <name>__mspabi_sral_10</name>
         <value>0x12f1a</value>
         <object_component_ref idref="oc-8f5"/>
      </symbol>
      <symbol id="sm-e06">
         <name>__mspabi_sral_8</name>
         <value>0x12f22</value>
         <object_component_ref idref="oc-8f5"/>
      </symbol>
      <symbol id="sm-e07">
         <name>__mspabi_sral_9</name>
         <value>0x12f1e</value>
         <object_component_ref idref="oc-8f5"/>
      </symbol>
      <symbol id="sm-e08">
         <name>__mspabi_sral_6</name>
         <value>0x12f2a</value>
         <object_component_ref idref="oc-8f5"/>
      </symbol>
      <symbol id="sm-e09">
         <name>__mspabi_sral_7</name>
         <value>0x12f26</value>
         <object_component_ref idref="oc-8f5"/>
      </symbol>
      <symbol id="sm-e0a">
         <name>__mspabi_sral_4</name>
         <value>0x12f32</value>
         <object_component_ref idref="oc-8f5"/>
      </symbol>
      <symbol id="sm-e0b">
         <name>__mspabi_sral_5</name>
         <value>0x12f2e</value>
         <object_component_ref idref="oc-8f5"/>
      </symbol>
      <symbol id="sm-e0c">
         <name>__mspabi_sral_2</name>
         <value>0x12f3a</value>
         <object_component_ref idref="oc-8f5"/>
      </symbol>
      <symbol id="sm-e0d">
         <name>__mspabi_sral_3</name>
         <value>0x12f36</value>
         <object_component_ref idref="oc-8f5"/>
      </symbol>
      <symbol id="sm-e0e">
         <name>__mspabi_sral_1</name>
         <value>0x12f3e</value>
         <object_component_ref idref="oc-8f5"/>
      </symbol>
   </symbol_table>
   <title>Link successful</title>
</link_info>
